Archive member included to satisfy reference by file (symbol)

c:/tools/gcc-arm-none-eabi-10-2020-q4-major/bin/../lib/gcc/arm-none-eabi/10.2.1/../../../../arm-none-eabi/lib/thumb/v7e-m+fp/hard\libc_nano.a(lib_a-exit.o)
                              c:/tools/gcc-arm-none-eabi-10-2020-q4-major/bin/../lib/gcc/arm-none-eabi/10.2.1/../../../../arm-none-eabi/lib/thumb/v7e-m+fp/hard/crt0.o (exit)
c:/tools/gcc-arm-none-eabi-10-2020-q4-major/bin/../lib/gcc/arm-none-eabi/10.2.1/../../../../arm-none-eabi/lib/thumb/v7e-m+fp/hard\libc_nano.a(lib_a-impure.o)
                              c:/tools/gcc-arm-none-eabi-10-2020-q4-major/bin/../lib/gcc/arm-none-eabi/10.2.1/../../../../arm-none-eabi/lib/thumb/v7e-m+fp/hard\libc_nano.a(lib_a-exit.o) (_global_impure_ptr)
c:/tools/gcc-arm-none-eabi-10-2020-q4-major/bin/../lib/gcc/arm-none-eabi/10.2.1/../../../../arm-none-eabi/lib/thumb/v7e-m+fp/hard\libc_nano.a(lib_a-init.o)
                              c:/tools/gcc-arm-none-eabi-10-2020-q4-major/bin/../lib/gcc/arm-none-eabi/10.2.1/../../../../arm-none-eabi/lib/thumb/v7e-m+fp/hard/crt0.o (__libc_init_array)
c:/tools/gcc-arm-none-eabi-10-2020-q4-major/bin/../lib/gcc/arm-none-eabi/10.2.1/../../../../arm-none-eabi/lib/thumb/v7e-m+fp/hard\libc_nano.a(lib_a-memset.o)
                              c:/tools/gcc-arm-none-eabi-10-2020-q4-major/bin/../lib/gcc/arm-none-eabi/10.2.1/../../../../arm-none-eabi/lib/thumb/v7e-m+fp/hard/crt0.o (memset)
c:/tools/gcc-arm-none-eabi-10-2020-q4-major/bin/../lib/gcc/arm-none-eabi/10.2.1/../../../../arm-none-eabi/lib/thumb/v7e-m+fp/hard\libc_nano.a(lib_a-printf.o)
                              build/main.o (printf)
c:/tools/gcc-arm-none-eabi-10-2020-q4-major/bin/../lib/gcc/arm-none-eabi/10.2.1/../../../../arm-none-eabi/lib/thumb/v7e-m+fp/hard\libc_nano.a(lib_a-setbuf.o)
                              build/main.o (setbuf)
c:/tools/gcc-arm-none-eabi-10-2020-q4-major/bin/../lib/gcc/arm-none-eabi/10.2.1/../../../../arm-none-eabi/lib/thumb/v7e-m+fp/hard\libc_nano.a(lib_a-setvbuf.o)
                              c:/tools/gcc-arm-none-eabi-10-2020-q4-major/bin/../lib/gcc/arm-none-eabi/10.2.1/../../../../arm-none-eabi/lib/thumb/v7e-m+fp/hard\libc_nano.a(lib_a-setbuf.o) (setvbuf)
c:/tools/gcc-arm-none-eabi-10-2020-q4-major/bin/../lib/gcc/arm-none-eabi/10.2.1/../../../../arm-none-eabi/lib/thumb/v7e-m+fp/hard\libc_nano.a(lib_a-fflush.o)
                              c:/tools/gcc-arm-none-eabi-10-2020-q4-major/bin/../lib/gcc/arm-none-eabi/10.2.1/../../../../arm-none-eabi/lib/thumb/v7e-m+fp/hard\libc_nano.a(lib_a-setvbuf.o) (_fflush_r)
c:/tools/gcc-arm-none-eabi-10-2020-q4-major/bin/../lib/gcc/arm-none-eabi/10.2.1/../../../../arm-none-eabi/lib/thumb/v7e-m+fp/hard\libc_nano.a(lib_a-findfp.o)
                              c:/tools/gcc-arm-none-eabi-10-2020-q4-major/bin/../lib/gcc/arm-none-eabi/10.2.1/../../../../arm-none-eabi/lib/thumb/v7e-m+fp/hard\libc_nano.a(lib_a-printf.o) (__sinit)
c:/tools/gcc-arm-none-eabi-10-2020-q4-major/bin/../lib/gcc/arm-none-eabi/10.2.1/../../../../arm-none-eabi/lib/thumb/v7e-m+fp/hard\libc_nano.a(lib_a-fwalk.o)
                              c:/tools/gcc-arm-none-eabi-10-2020-q4-major/bin/../lib/gcc/arm-none-eabi/10.2.1/../../../../arm-none-eabi/lib/thumb/v7e-m+fp/hard\libc_nano.a(lib_a-findfp.o) (_fwalk)
c:/tools/gcc-arm-none-eabi-10-2020-q4-major/bin/../lib/gcc/arm-none-eabi/10.2.1/../../../../arm-none-eabi/lib/thumb/v7e-m+fp/hard\libc_nano.a(lib_a-lock.o)
                              c:/tools/gcc-arm-none-eabi-10-2020-q4-major/bin/../lib/gcc/arm-none-eabi/10.2.1/../../../../arm-none-eabi/lib/thumb/v7e-m+fp/hard\libc_nano.a(lib_a-findfp.o) (__retarget_lock_init_recursive)
c:/tools/gcc-arm-none-eabi-10-2020-q4-major/bin/../lib/gcc/arm-none-eabi/10.2.1/../../../../arm-none-eabi/lib/thumb/v7e-m+fp/hard\libc_nano.a(lib_a-makebuf.o)
                              c:/tools/gcc-arm-none-eabi-10-2020-q4-major/bin/../lib/gcc/arm-none-eabi/10.2.1/../../../../arm-none-eabi/lib/thumb/v7e-m+fp/hard\libc_nano.a(lib_a-setvbuf.o) (__swhatbuf_r)
c:/tools/gcc-arm-none-eabi-10-2020-q4-major/bin/../lib/gcc/arm-none-eabi/10.2.1/../../../../arm-none-eabi/lib/thumb/v7e-m+fp/hard\libc_nano.a(lib_a-malloc.o)
                              c:/tools/gcc-arm-none-eabi-10-2020-q4-major/bin/../lib/gcc/arm-none-eabi/10.2.1/../../../../arm-none-eabi/lib/thumb/v7e-m+fp/hard\libc_nano.a(lib_a-setvbuf.o) (malloc)
c:/tools/gcc-arm-none-eabi-10-2020-q4-major/bin/../lib/gcc/arm-none-eabi/10.2.1/../../../../arm-none-eabi/lib/thumb/v7e-m+fp/hard\libc_nano.a(lib_a-nano-freer.o)
                              c:/tools/gcc-arm-none-eabi-10-2020-q4-major/bin/../lib/gcc/arm-none-eabi/10.2.1/../../../../arm-none-eabi/lib/thumb/v7e-m+fp/hard\libc_nano.a(lib_a-setvbuf.o) (_free_r)
c:/tools/gcc-arm-none-eabi-10-2020-q4-major/bin/../lib/gcc/arm-none-eabi/10.2.1/../../../../arm-none-eabi/lib/thumb/v7e-m+fp/hard\libc_nano.a(lib_a-nano-mallocr.o)
[...]
Memory Configuration

Name             Origin             Length             Attributes
RAM              0x20000000         0x00020000         xrw
FLASH            0x08000000         0x00080000         xr
*default*        0x00000000         0xffffffff

Linker script and memory map

LOAD c:/tools/gcc-arm-none-eabi-10-2020-q4-major/bin/../lib/gcc/arm-none-eabi/10.2.1/thumb/v7e-m+fp/hard/crti.o
LOAD c:/tools/gcc-arm-none-eabi-10-2020-q4-major/bin/../lib/gcc/arm-none-eabi/10.2.1/thumb/v7e-m+fp/hard/crtbegin.o
LOAD c:/tools/gcc-arm-none-eabi-10-2020-q4-major/bin/../lib/gcc/arm-none-eabi/10.2.1/../../../../arm-none-eabi/lib/thumb/v7e-m+fp/hard/crt0.o
LOAD build/main.o
LOAD build/stm32f4xx_it.o
LOAD build/stm32f4xx_hal_msp.o
LOAD build/stm32f4xx_hal_tim.o
LOAD build/stm32f4xx_hal_tim_ex.o
LOAD build/stm32f4xx_hal_uart.o
LOAD build/stm32f4xx_hal_rcc.o
LOAD build/stm32f4xx_hal_rcc_ex.o
LOAD build/stm32f4xx_hal_flash.o
LOAD build/stm32f4xx_hal_flash_ex.o
LOAD build/stm32f4xx_hal_flash_ramfunc.o
LOAD build/stm32f4xx_hal_gpio.o
LOAD build/stm32f4xx_hal_dma_ex.o
LOAD build/stm32f4xx_hal_dma.o
LOAD build/stm32f4xx_hal_pwr.o
LOAD build/stm32f4xx_hal_pwr_ex.o
LOAD build/stm32f4xx_hal_cortex.o
LOAD build/stm32f4xx_hal.o
LOAD build/stm32f4xx_hal_exti.o
LOAD build/system_stm32f4xx.o
LOAD build/stm32f4xx_hal_spi.o
LOAD build/startup_stm32f446xx.o
LOAD c:/tools/gcc-arm-none-eabi-10-2020-q4-major/bin/../lib/gcc/arm-none-eabi/10.2.1/../../../../arm-none-eabi/lib/thumb/v7e-m+fp/hard\libc_nano.a
LOAD c:/tools/gcc-arm-none-eabi-10-2020-q4-major/bin/../lib/gcc/arm-none-eabi/10.2.1/../../../../arm-none-eabi/lib/thumb/v7e-m+fp/hard\libm.a
LOAD c:/tools/gcc-arm-none-eabi-10-2020-q4-major/bin/../lib/gcc/arm-none-eabi/10.2.1/../../../../arm-none-eabi/lib/thumb/v7e-m+fp/hard\libnosys.a
START GROUP
LOAD c:/tools/gcc-arm-none-eabi-10-2020-q4-major/bin/../lib/gcc/arm-none-eabi/10.2.1/thumb/v7e-m+fp/hard\libgcc.a
LOAD c:/tools/gcc-arm-none-eabi-10-2020-q4-major/bin/../lib/gcc/arm-none-eabi/10.2.1/../../../../arm-none-eabi/lib/thumb/v7e-m+fp/hard\libc_nano.a
END GROUP
START GROUP
LOAD c:/tools/gcc-arm-none-eabi-10-2020-q4-major/bin/../lib/gcc/arm-none-eabi/10.2.1/thumb/v7e-m+fp/hard\libgcc.a
LOAD c:/tools/gcc-arm-none-eabi-10-2020-q4-major/bin/../lib/gcc/arm-none-eabi/10.2.1/../../../../arm-none-eabi/lib/thumb/v7e-m+fp/hard\libc_nano.a
END GROUP
LOAD c:/tools/gcc-arm-none-eabi-10-2020-q4-major/bin/../lib/gcc/arm-none-eabi/10.2.1/thumb/v7e-m+fp/hard/crtend.o
LOAD c:/tools/gcc-arm-none-eabi-10-2020-q4-major/bin/../lib/gcc/arm-none-eabi/10.2.1/thumb/v7e-m+fp/hard/crtn.o
                0x20020000                _estack = 0x20020000
                0x00000200                _Min_Heap_Size = 0x200
                0x00000400                _Min_Stack_Size = 0x400

.isr_vector     0x08000000      0x1c4
                0x08000000                . = ALIGN (0x4)
 *(.isr_vector)
 .isr_vector    0x08000000      0x1c4 build/startup_stm32f446xx.o
                0x08000000                g_pfnVectors
                0x080001c4                . = ALIGN (0x4)

.text           0x080001d0     0x2de4
                0x080001d0                . = ALIGN (0x4)
 *(.text)
 .text          0x080001d0       0x40 c:/tools/gcc-arm-none-eabi-10-2020-q4-major/bin/../lib/gcc/arm-none-eabi/10.2.1/thumb/v7e-m+fp/hard/crtbegin.o
 .text          0x08000210       0xa0 c:/tools/gcc-arm-none-eabi-10-2020-q4-major/bin/../lib/gcc/arm-none-eabi/10.2.1/../../../../arm-none-eabi/lib/thumb/v7e-m+fp/hard\libc_nano.a(lib_a-memchr.o)
                0x08000210                memchr
 .text          0x080002b0       0x30 c:/tools/gcc-arm-none-eabi-10-2020-q4-major/bin/../lib/gcc/arm-none-eabi/10.2.1/thumb/v7e-m+fp/hard\libgcc.a(_aeabi_uldivmod.o)
                0x080002b0                __aeabi_uldivmod
 .text          0x080002e0      0x2d0 c:/tools/gcc-arm-none-eabi-10-2020-q4-major/bin/../lib/gcc/arm-none-eabi/10.2.1/thumb/v7e-m+fp/hard\libgcc.a(_udivmoddi4.o)
                0x080002e0                __udivmoddi4
 .text          0x080005b0        0x4 c:/tools/gcc-arm-none-eabi-10-2020-q4-major/bin/../lib/gcc/arm-none-eabi/10.2.1/thumb/v7e-m+fp/hard\libgcc.a(_dvmd_tls.o)
                0x080005b0                __aeabi_idiv0
                0x080005b0                __aeabi_ldiv0
 *(.text*)
 .text.MX_GPIO_Init
                0x080005b4       0xd8 build/main.o
 .text.spi_gyro_write
                0x0800068c       0x48 build/main.o
                0x0800068c                spi_gyro_write
 .text.spi_gyro_read
                0x080006d4       0x44 build/main.o
                0x080006d4                spi_gyro_read
 .text.spi_gyro_OUT_Z
                0x08000718       0x30 build/main.o
                0x08000718                spi_gyro_OUT_Z
 .text.spi_gyro_who_am_i
                0x08000748       0x24 build/main.o
                0x08000748                spi_gyro_who_am_i
 .text._write   0x0800076c       0x18 build/main.o
                0x0800076c                _write
 .text.Error_Handler
                0x08000784        0x4 build/main.o
                0x08000784                Error_Handler
 .text.MX_USART2_UART_Init
                0x08000788       0x34 build/main.o
 .text.MX_SPI1_Init
                0x080007bc       0x44 build/main.o
 .text.SystemClock_Config
                0x08000800       0xa4 build/main.o
                0x08000800                SystemClock_Config
 .text.main     0x080008a4       0xb0 build/main.o
                0x080008a4                main
 .text.NMI_Handler
                0x08000954        0x2 build/stm32f4xx_it.o
                0x08000954                NMI_Handler
 .text.HardFault_Handler
                0x08000956        0x2 build/stm32f4xx_it.o
                0x08000956                HardFault_Handler
 .text.MemManage_Handler
                0x08000958        0x2 build/stm32f4xx_it.o
                0x08000958                MemManage_Handler
 .text.BusFault_Handler
                0x0800095a        0x2 build/stm32f4xx_it.o
                0x0800095a                BusFault_Handler
 .text.UsageFault_Handler
                0x0800095c        0x2 build/stm32f4xx_it.o
                0x0800095c                UsageFault_Handler
 .text.SVC_Handler
                0x0800095e        0x2 build/stm32f4xx_it.o
                0x0800095e                SVC_Handler
 .text.DebugMon_Handler
                0x08000960        0x2 build/stm32f4xx_it.o
                0x08000960                DebugMon_Handler
 .text.PendSV_Handler
                0x08000962        0x2 build/stm32f4xx_it.o
                0x08000962                PendSV_Handler
 .text.SysTick_Handler
                0x08000964        0x8 build/stm32f4xx_it.o
                0x08000964                SysTick_Handler
 .text.HAL_MspInit
                0x0800096c       0x40 build/stm32f4xx_hal_msp.o
                0x0800096c                HAL_MspInit
 .text.HAL_SPI_MspInit
                0x080009ac       0x70 build/stm32f4xx_hal_msp.o
                0x080009ac                HAL_SPI_MspInit
 .text.HAL_UART_MspInit
                0x08000a1c       0x70 build/stm32f4xx_hal_msp.o
                0x08000a1c                HAL_UART_MspInit
 .text.UART_SetConfig
                0x08000a8c      0x110 build/stm32f4xx_hal_uart.o
 .text.UART_WaitOnFlagUntilTimeout
                0x08000b9c       0x6c build/stm32f4xx_hal_uart.o
 .text.HAL_UART_Init
                0x08000c08       0x5e build/stm32f4xx_hal_uart.o
                0x08000c08                HAL_UART_Init
 .text.HAL_UART_Transmit
                0x08000c66       0xd8 build/stm32f4xx_hal_uart.o
                0x08000c66                HAL_UART_Transmit
 *fill*         0x08000d3e        0x2 
 .text.HAL_RCC_ClockConfig
                0x08000d40      0x160 build/stm32f4xx_hal_rcc.o
                0x08000d40                HAL_RCC_ClockConfig
 .text.HAL_RCC_GetHCLKFreq
                0x08000ea0        0xc build/stm32f4xx_hal_rcc.o
                0x08000ea0                HAL_RCC_GetHCLKFreq
 .text.HAL_RCC_GetPCLK1Freq
                0x08000eac       0x20 build/stm32f4xx_hal_rcc.o
                0x08000eac                HAL_RCC_GetPCLK1Freq
 .text.HAL_RCC_GetPCLK2Freq
                0x08000ecc       0x20 build/stm32f4xx_hal_rcc.o
                0x08000ecc                HAL_RCC_GetPCLK2Freq
 .text.HAL_RCC_GetSysClockFreq
                0x08000eec      0x180 build/stm32f4xx_hal_rcc_ex.o
                0x08000eec                HAL_RCC_GetSysClockFreq
 .text.HAL_RCC_OscConfig
                0x0800106c      0x444 build/stm32f4xx_hal_rcc_ex.o
                0x0800106c                HAL_RCC_OscConfig
 .text.HAL_GPIO_Init
                0x080014b0      0x1d8 build/stm32f4xx_hal_gpio.o
                0x080014b0                HAL_GPIO_Init
 .text.HAL_GPIO_WritePin
                0x08001688        0xc build/stm32f4xx_hal_gpio.o
                0x08001688                HAL_GPIO_WritePin
 .text.HAL_GPIO_TogglePin
                0x08001694       0x12 build/stm32f4xx_hal_gpio.o
                0x08001694                HAL_GPIO_TogglePin
 *fill*         0x080016a6        0x2 
 .text.HAL_NVIC_SetPriorityGrouping
                0x080016a8       0x24 build/stm32f4xx_hal_cortex.o
                0x080016a8                HAL_NVIC_SetPriorityGrouping
 .text.HAL_NVIC_SetPriority
                0x080016cc       0x70 build/stm32f4xx_hal_cortex.o
                0x080016cc                HAL_NVIC_SetPriority
 .text.HAL_SYSTICK_Config
                0x0800173c       0x28 build/stm32f4xx_hal_cortex.o
                0x0800173c                HAL_SYSTICK_Config
 .text.HAL_InitTick
                0x08001764       0x4c build/stm32f4xx_hal.o
                0x08001764                HAL_InitTick
 .text.HAL_Init
                0x080017b0       0x34 build/stm32f4xx_hal.o
                0x080017b0                HAL_Init
 .text.HAL_IncTick
                0x080017e4       0x18 build/stm32f4xx_hal.o
                0x080017e4                HAL_IncTick
 .text.HAL_GetTick
                0x080017fc        0xc build/stm32f4xx_hal.o
                0x080017fc                HAL_GetTick
 .text.HAL_Delay
                0x08001808       0x28 build/stm32f4xx_hal.o
                0x08001808                HAL_Delay
 .text.SystemInit
                0x08001830       0x14 build/system_stm32f4xx.o
                0x08001830                SystemInit
 .text.SPI_WaitFlagStateUntilTimeout
                0x08001844       0xd4 build/stm32f4xx_hal_spi.o
 .text.SPI_EndRxTxTransaction
                0x08001918       0x68 build/stm32f4xx_hal_spi.o
 .text.HAL_SPI_Init
                0x08001980       0xbe build/stm32f4xx_hal_spi.o
                0x08001980                HAL_SPI_Init
 .text.HAL_SPI_Transmit
                0x08001a3e      0x1b8 build/stm32f4xx_hal_spi.o
                0x08001a3e                HAL_SPI_Transmit
 .text.HAL_SPI_TransmitReceive
                0x08001bf6      0x238 build/stm32f4xx_hal_spi.o
                0x08001bf6                HAL_SPI_TransmitReceive
 *fill*         0x08001e2e        0x2 
 .text.Reset_Handler
                0x08001e30       0x50 build/startup_stm32f446xx.o
                0x08001e30                Reset_Handler
 .text.Default_Handler
                0x08001e80        0x2 build/startup_stm32f446xx.o
                0x08001e80                RTC_Alarm_IRQHandler
                0x08001e80                EXTI2_IRQHandler
                0x08001e80                TIM8_CC_IRQHandler
                0x08001e80                FMPI2C1_EV_IRQHandler
                0x08001e80                SPI4_IRQHandler
                0x08001e80                TIM1_CC_IRQHandler
                0x08001e80                DMA2_Stream5_IRQHandler
                0x08001e80                DMA1_Stream5_IRQHandler
                0x08001e80                PVD_IRQHandler
                0x08001e80                SDIO_IRQHandler
                0x08001e80                TAMP_STAMP_IRQHandler
                0x08001e80                CAN2_RX1_IRQHandler
                0x08001e80                EXTI3_IRQHandler
                0x08001e80                TIM8_TRG_COM_TIM14_IRQHandler
                0x08001e80                TIM1_UP_TIM10_IRQHandler
                0x08001e80                TIM8_UP_TIM13_IRQHandler
                0x08001e80                I2C3_ER_IRQHandler
                0x08001e80                EXTI0_IRQHandler
                0x08001e80                I2C2_EV_IRQHandler
                0x08001e80                DMA1_Stream2_IRQHandler
                0x08001e80                CAN1_RX0_IRQHandler
                0x08001e80                FPU_IRQHandler
                0x08001e80                OTG_HS_WKUP_IRQHandler
                0x08001e80                CAN2_SCE_IRQHandler
                0x08001e80                DMA2_Stream2_IRQHandler
                0x08001e80                SPI1_IRQHandler
                0x08001e80                TIM6_DAC_IRQHandler
                0x08001e80                TIM1_BRK_TIM9_IRQHandler
                0x08001e80                DCMI_IRQHandler
                0x08001e80                CAN2_RX0_IRQHandler
                0x08001e80                DMA2_Stream3_IRQHandler
                0x08001e80                SAI2_IRQHandler
                0x08001e80                USART6_IRQHandler
                0x08001e80                USART3_IRQHandler
                0x08001e80                CAN1_RX1_IRQHandler
                0x08001e80                UART5_IRQHandler
                0x08001e80                DMA2_Stream0_IRQHandler
                0x08001e80                TIM4_IRQHandler
                0x08001e80                QUADSPI_IRQHandler
                0x08001e80                I2C1_EV_IRQHandler
                0x08001e80                DMA1_Stream6_IRQHandler
                0x08001e80                DMA1_Stream1_IRQHandler
                0x08001e80                UART4_IRQHandler
                0x08001e80                TIM3_IRQHandler
                0x08001e80                RCC_IRQHandler
                0x08001e80                TIM8_BRK_TIM12_IRQHandler
                0x08001e80                Default_Handler
                0x08001e80                CEC_IRQHandler
                0x08001e80                EXTI15_10_IRQHandler
                0x08001e80                ADC_IRQHandler
                0x08001e80                DMA1_Stream7_IRQHandler
                0x08001e80                TIM7_IRQHandler
                0x08001e80                CAN2_TX_IRQHandler
                0x08001e80                TIM5_IRQHandler
                0x08001e80                DMA2_Stream7_IRQHandler
                0x08001e80                I2C3_EV_IRQHandler
                0x08001e80                EXTI9_5_IRQHandler
                0x08001e80                RTC_WKUP_IRQHandler
                0x08001e80                SPDIF_RX_IRQHandler
                0x08001e80                SPI2_IRQHandler
                0x08001e80                OTG_HS_EP1_IN_IRQHandler
                0x08001e80                DMA1_Stream0_IRQHandler
                0x08001e80                CAN1_TX_IRQHandler
                0x08001e80                FMPI2C1_ER_IRQHandler
                0x08001e80                EXTI4_IRQHandler
                0x08001e80                OTG_HS_EP1_OUT_IRQHandler
                0x08001e80                WWDG_IRQHandler
                0x08001e80                TIM2_IRQHandler
                0x08001e80                OTG_FS_WKUP_IRQHandler
                0x08001e80                TIM1_TRG_COM_TIM11_IRQHandler
                0x08001e80                OTG_HS_IRQHandler
                0x08001e80                EXTI1_IRQHandler
                0x08001e80                USART2_IRQHandler
                0x08001e80                I2C2_ER_IRQHandler
                0x08001e80                DMA2_Stream1_IRQHandler
                0x08001e80                CAN1_SCE_IRQHandler
                0x08001e80                FLASH_IRQHandler
                0x08001e80                DMA2_Stream4_IRQHandler
                0x08001e80                USART1_IRQHandler
                0x08001e80                OTG_FS_IRQHandler
                0x08001e80                SPI3_IRQHandler
                0x08001e80                DMA1_Stream4_IRQHandler
                0x08001e80                I2C1_ER_IRQHandler
                0x08001e80                FMC_IRQHandler
                0x08001e80                DMA2_Stream6_IRQHandler
                0x08001e80                SAI1_IRQHandler
                0x08001e80                DMA1_Stream3_IRQHandler
 *fill*         0x08001e82        0x2 
 .text.__libc_init_array
                0x08001e84       0x48 c:/tools/gcc-arm-none-eabi-10-2020-q4-major/bin/../lib/gcc/arm-none-eabi/10.2.1/../../../../arm-none-eabi/lib/thumb/v7e-m+fp/hard\libc_nano.a(lib_a-init.o)
                0x08001e84                __libc_init_array
 .text.memset   0x08001ecc       0x10 c:/tools/gcc-arm-none-eabi-10-2020-q4-major/bin/../lib/gcc/arm-none-eabi/10.2.1/../../../../arm-none-eabi/lib/thumb/v7e-m+fp/hard\libc_nano.a(lib_a-memset.o)
                0x08001ecc                memset
 .text.printf   0x08001edc       0x30 c:/tools/gcc-arm-none-eabi-10-2020-q4-major/bin/../lib/gcc/arm-none-eabi/10.2.1/../../../../arm-none-eabi/lib/thumb/v7e-m+fp/hard\libc_nano.a(lib_a-printf.o)
                0x08001edc                iprintf
                0x08001edc                printf
 .text.setbuf   0x08001f0c       0x10 c:/tools/gcc-arm-none-eabi-10-2020-q4-major/bin/../lib/gcc/arm-none-eabi/10.2.1/../../../../arm-none-eabi/lib/thumb/v7e-m+fp/hard\libc_nano.a(lib_a-setbuf.o)
                0x08001f0c                setbuf
 .text.setvbuf  0x08001f1c      0x18c c:/tools/gcc-arm-none-eabi-10-2020-q4-major/bin/../lib/gcc/arm-none-eabi/10.2.1/../../../../arm-none-eabi/lib/thumb/v7e-m+fp/hard\libc_nano.a(lib_a-setvbuf.o)
                0x08001f1c                setvbuf
 .text.__sflush_r
                0x080020a8      0x10c c:/tools/gcc-arm-none-eabi-10-2020-q4-major/bin/../lib/gcc/arm-none-eabi/10.2.1/../../../../arm-none-eabi/lib/thumb/v7e-m+fp/hard\libc_nano.a(lib_a-fflush.o)
                0x080020a8                __sflush_r
 .text._fflush_r
                0x080021b4       0x78 c:/tools/gcc-arm-none-eabi-10-2020-q4-major/bin/../lib/gcc/arm-none-eabi/10.2.1/../../../../arm-none-eabi/lib/thumb/v7e-m+fp/hard\libc_nano.a(lib_a-fflush.o)
                0x080021b4                _fflush_r
 .text.std      0x0800222c       0x48 c:/tools/gcc-arm-none-eabi-10-2020-q4-major/bin/../lib/gcc/arm-none-eabi/10.2.1/../../../../arm-none-eabi/lib/thumb/v7e-m+fp/hard\libc_nano.a(lib_a-findfp.o)
 .text._cleanup_r
                0x08002274        0xc c:/tools/gcc-arm-none-eabi-10-2020-q4-major/bin/../lib/gcc/arm-none-eabi/10.2.1/../../../../arm-none-eabi/lib/thumb/v7e-m+fp/hard\libc_nano.a(lib_a-findfp.o)
                0x08002274                _cleanup_r
 .text.__sfmoreglue
                0x08002280       0x2c c:/tools/gcc-arm-none-eabi-10-2020-q4-major/bin/../lib/gcc/arm-none-eabi/10.2.1/../../../../arm-none-eabi/lib/thumb/v7e-m+fp/hard\libc_nano.a(lib_a-findfp.o)
                0x08002280                __sfmoreglue
 .text.__sfp_lock_acquire
                0x080022ac        0xc c:/tools/gcc-arm-none-eabi-10-2020-q4-major/bin/../lib/gcc/arm-none-eabi/10.2.1/../../../../arm-none-eabi/lib/thumb/v7e-m+fp/hard\libc_nano.a(lib_a-findfp.o)
                0x080022ac                __sfp_lock_acquire
 .text.__sfp_lock_release
                0x080022b8        0xc c:/tools/gcc-arm-none-eabi-10-2020-q4-major/bin/../lib/gcc/arm-none-eabi/10.2.1/../../../../arm-none-eabi/lib/thumb/v7e-m+fp/hard\libc_nano.a(lib_a-findfp.o)
                0x080022b8                __sfp_lock_release
 .text.__sinit_lock_acquire
                0x080022c4        0xc c:/tools/gcc-arm-none-eabi-10-2020-q4-major/bin/../lib/gcc/arm-none-eabi/10.2.1/../../../../arm-none-eabi/lib/thumb/v7e-m+fp/hard\libc_nano.a(lib_a-findfp.o)
                0x080022c4                __sinit_lock_acquire
 .text.__sinit_lock_release
                0x080022d0        0xc c:/tools/gcc-arm-none-eabi-10-2020-q4-major/bin/../lib/gcc/arm-none-eabi/10.2.1/../../../../arm-none-eabi/lib/thumb/v7e-m+fp/hard\libc_nano.a(lib_a-findfp.o)
                0x080022d0                __sinit_lock_release
 .text.__sinit  0x080022dc       0x70 c:/tools/gcc-arm-none-eabi-10-2020-q4-major/bin/../lib/gcc/arm-none-eabi/10.2.1/../../../../arm-none-eabi/lib/thumb/v7e-m+fp/hard\libc_nano.a(lib_a-findfp.o)
                0x080022dc                __sinit
 .text.__sfp    0x0800234c       0x8c c:/tools/gcc-arm-none-eabi-10-2020-q4-major/bin/../lib/gcc/arm-none-eabi/10.2.1/../../../../arm-none-eabi/lib/thumb/v7e-m+fp/hard\libc_nano.a(lib_a-findfp.o)
                0x0800234c                __sfp
 .text._fwalk_reent
                0x080023d8       0x3e c:/tools/gcc-arm-none-eabi-10-2020-q4-major/bin/../lib/gcc/arm-none-eabi/10.2.1/../../../../arm-none-eabi/lib/thumb/v7e-m+fp/hard\libc_nano.a(lib_a-fwalk.o)
                0x080023d8                _fwalk_reent
 .text.__retarget_lock_init_recursive
                0x08002416        0x2 c:/tools/gcc-arm-none-eabi-10-2020-q4-major/bin/../lib/gcc/arm-none-eabi/10.2.1/../../../../arm-none-eabi/lib/thumb/v7e-m+fp/hard\libc_nano.a(lib_a-lock.o)
                0x08002416                __retarget_lock_init_recursive
 .text.__retarget_lock_acquire_recursive
                0x08002418        0x2 c:/tools/gcc-arm-none-eabi-10-2020-q4-major/bin/../lib/gcc/arm-none-eabi/10.2.1/../../../../arm-none-eabi/lib/thumb/v7e-m+fp/hard\libc_nano.a(lib_a-lock.o)
                0x08002418                __retarget_lock_acquire_recursive
 .text.__retarget_lock_release_recursive
                0x0800241a        0x2 c:/tools/gcc-arm-none-eabi-10-2020-q4-major/bin/../lib/gcc/arm-none-eabi/10.2.1/../../../../arm-none-eabi/lib/thumb/v7e-m+fp/hard\libc_nano.a(lib_a-lock.o)
                0x0800241a                __retarget_lock_release_recursive
 .text.__swhatbuf_r
                0x0800241c       0x4a c:/tools/gcc-arm-none-eabi-10-2020-q4-major/bin/../lib/gcc/arm-none-eabi/10.2.1/../../../../arm-none-eabi/lib/thumb/v7e-m+fp/hard\libc_nano.a(lib_a-makebuf.o)
                0x0800241c                __swhatbuf_r
 *fill*         0x08002466        0x2 
 .text.__smakebuf_r
                0x08002468       0x80 c:/tools/gcc-arm-none-eabi-10-2020-q4-major/bin/../lib/gcc/arm-none-eabi/10.2.1/../../../../arm-none-eabi/lib/thumb/v7e-m+fp/hard\libc_nano.a(lib_a-makebuf.o)
                0x08002468                __smakebuf_r
 .text.malloc   0x080024e8       0x10 c:/tools/gcc-arm-none-eabi-10-2020-q4-major/bin/../lib/gcc/arm-none-eabi/10.2.1/../../../../arm-none-eabi/lib/thumb/v7e-m+fp/hard\libc_nano.a(lib_a-malloc.o)
                0x080024e8                malloc
 .text._free_r  0x080024f8       0x98 c:/tools/gcc-arm-none-eabi-10-2020-q4-major/bin/../lib/gcc/arm-none-eabi/10.2.1/../../../../arm-none-eabi/lib/thumb/v7e-m+fp/hard\libc_nano.a(lib_a-nano-freer.o)
                0x080024f8                _free_r
 .text._malloc_r
                0x08002590       0xb4 c:/tools/gcc-arm-none-eabi-10-2020-q4-major/bin/../lib/gcc/arm-none-eabi/10.2.1/../../../../arm-none-eabi/lib/thumb/v7e-m+fp/hard\libc_nano.a(lib_a-nano-mallocr.o)
                0x08002590                _malloc_r
 .text.__sfputc_r
                0x08002644       0x2e c:/tools/gcc-arm-none-eabi-10-2020-q4-major/bin/../lib/gcc/arm-none-eabi/10.2.1/../../../../arm-none-eabi/lib/thumb/v7e-m+fp/hard\libc_nano.a(lib_a-nano-vfprintf.o)
 .text.__sfputs_r
                0x08002672       0x24 c:/tools/gcc-arm-none-eabi-10-2020-q4-major/bin/../lib/gcc/arm-none-eabi/10.2.1/../../../../arm-none-eabi/lib/thumb/v7e-m+fp/hard\libc_nano.a(lib_a-nano-vfprintf.o)
                0x08002672                __sfputs_r
 *fill*         0x08002696        0x2 
 .text._vfprintf_r
                0x08002698      0x260 c:/tools/gcc-arm-none-eabi-10-2020-q4-major/bin/../lib/gcc/arm-none-eabi/10.2.1/../../../../arm-none-eabi/lib/thumb/v7e-m+fp/hard\libc_nano.a(lib_a-nano-vfprintf.o)
                0x08002698                _vfprintf_r
                0x08002698                _vfiprintf_r
 .text._printf_common
                0x080028f8       0xda c:/tools/gcc-arm-none-eabi-10-2020-q4-major/bin/../lib/gcc/arm-none-eabi/10.2.1/../../../../arm-none-eabi/lib/thumb/v7e-m+fp/hard\libc_nano.a(lib_a-nano-vfprintf_i.o)
                0x080028f8                _printf_common
 *fill*         0x080029d2        0x2 
 .text._printf_i
                0x080029d4      0x24c c:/tools/gcc-arm-none-eabi-10-2020-q4-major/bin/../lib/gcc/arm-none-eabi/10.2.1/../../../../arm-none-eabi/lib/thumb/v7e-m+fp/hard\libc_nano.a(lib_a-nano-vfprintf_i.o)
                0x080029d4                _printf_i
 .text._sbrk_r  0x08002c20       0x20 c:/tools/gcc-arm-none-eabi-10-2020-q4-major/bin/../lib/gcc/arm-none-eabi/10.2.1/../../../../arm-none-eabi/lib/thumb/v7e-m+fp/hard\libc_nano.a(lib_a-sbrkr.o)
                0x08002c20                _sbrk_r
 .text.__sread  0x08002c40       0x22 c:/tools/gcc-arm-none-eabi-10-2020-q4-major/bin/../lib/gcc/arm-none-eabi/10.2.1/../../../../arm-none-eabi/lib/thumb/v7e-m+fp/hard\libc_nano.a(lib_a-stdio.o)
                0x08002c40                __sread
 .text.__swrite
                0x08002c62       0x38 c:/tools/gcc-arm-none-eabi-10-2020-q4-major/bin/../lib/gcc/arm-none-eabi/10.2.1/../../../../arm-none-eabi/lib/thumb/v7e-m+fp/hard\libc_nano.a(lib_a-stdio.o)
                0x08002c62                __swrite
 .text.__sseek  0x08002c9a       0x24 c:/tools/gcc-arm-none-eabi-10-2020-q4-major/bin/../lib/gcc/arm-none-eabi/10.2.1/../../../../arm-none-eabi/lib/thumb/v7e-m+fp/hard\libc_nano.a(lib_a-stdio.o)
                0x08002c9a                __sseek
 .text.__sclose
                0x08002cbe        0x8 c:/tools/gcc-arm-none-eabi-10-2020-q4-major/bin/../lib/gcc/arm-none-eabi/10.2.1/../../../../arm-none-eabi/lib/thumb/v7e-m+fp/hard\libc_nano.a(lib_a-stdio.o)
                0x08002cbe                __sclose
 *fill*         0x08002cc6        0x2 
 .text.__swbuf_r
                0x08002cc8       0xa4 c:/tools/gcc-arm-none-eabi-10-2020-q4-major/bin/../lib/gcc/arm-none-eabi/10.2.1/../../../../arm-none-eabi/lib/thumb/v7e-m+fp/hard\libc_nano.a(lib_a-wbuf.o)
                0x08002cc8                __swbuf_r
 .text._write_r
                0x08002d6c       0x24 c:/tools/gcc-arm-none-eabi-10-2020-q4-major/bin/../lib/gcc/arm-none-eabi/10.2.1/../../../../arm-none-eabi/lib/thumb/v7e-m+fp/hard\libc_nano.a(lib_a-writer.o)
                0x08002d6c                _write_r
 .text.__swsetup_r
                0x08002d90       0xdc c:/tools/gcc-arm-none-eabi-10-2020-q4-major/bin/../lib/gcc/arm-none-eabi/10.2.1/../../../../arm-none-eabi/lib/thumb/v7e-m+fp/hard\libc_nano.a(lib_a-wsetup.o)
                0x08002d90                __swsetup_r
 .text._close_r
                0x08002e6c       0x20 c:/tools/gcc-arm-none-eabi-10-2020-q4-major/bin/../lib/gcc/arm-none-eabi/10.2.1/../../../../arm-none-eabi/lib/thumb/v7e-m+fp/hard\libc_nano.a(lib_a-closer.o)
                0x08002e6c                _close_r
 .text._fstat_r
                0x08002e8c       0x24 c:/tools/gcc-arm-none-eabi-10-2020-q4-major/bin/../lib/gcc/arm-none-eabi/10.2.1/../../../../arm-none-eabi/lib/thumb/v7e-m+fp/hard\libc_nano.a(lib_a-fstatr.o)
                0x08002e8c                _fstat_r
 .text._isatty_r
                0x08002eb0       0x20 c:/tools/gcc-arm-none-eabi-10-2020-q4-major/bin/../lib/gcc/arm-none-eabi/10.2.1/../../../../arm-none-eabi/lib/thumb/v7e-m+fp/hard\libc_nano.a(lib_a-isattyr.o)
                0x08002eb0                _isatty_r
 .text._lseek_r
                0x08002ed0       0x24 c:/tools/gcc-arm-none-eabi-10-2020-q4-major/bin/../lib/gcc/arm-none-eabi/10.2.1/../../../../arm-none-eabi/lib/thumb/v7e-m+fp/hard\libc_nano.a(lib_a-lseekr.o)
                0x08002ed0                _lseek_r
 .text.__malloc_lock
                0x08002ef4        0xc c:/tools/gcc-arm-none-eabi-10-2020-q4-major/bin/../lib/gcc/arm-none-eabi/10.2.1/../../../../arm-none-eabi/lib/thumb/v7e-m+fp/hard\libc_nano.a(lib_a-mlock.o)
                0x08002ef4                __malloc_lock
 .text.__malloc_unlock
                0x08002f00        0xc c:/tools/gcc-arm-none-eabi-10-2020-q4-major/bin/../lib/gcc/arm-none-eabi/10.2.1/../../../../arm-none-eabi/lib/thumb/v7e-m+fp/hard\libc_nano.a(lib_a-mlock.o)
                0x08002f00                __malloc_unlock
 .text._read_r  0x08002f0c       0x24 c:/tools/gcc-arm-none-eabi-10-2020-q4-major/bin/../lib/gcc/arm-none-eabi/10.2.1/../../../../arm-none-eabi/lib/thumb/v7e-m+fp/hard\libc_nano.a(lib_a-readr.o)
                0x08002f0c                _read_r
 .text._close   0x08002f30       0x10 c:/tools/gcc-arm-none-eabi-10-2020-q4-major/bin/../lib/gcc/arm-none-eabi/10.2.1/../../../../arm-none-eabi/lib/thumb/v7e-m+fp/hard\libnosys.a(close.o)
                0x08002f30                _close
 .text._fstat   0x08002f40       0x10 c:/tools/gcc-arm-none-eabi-10-2020-q4-major/bin/../lib/gcc/arm-none-eabi/10.2.1/../../../../arm-none-eabi/lib/thumb/v7e-m+fp/hard\libnosys.a(fstat.o)
                0x08002f40                _fstat
 .text._isatty  0x08002f50       0x10 c:/tools/gcc-arm-none-eabi-10-2020-q4-major/bin/../lib/gcc/arm-none-eabi/10.2.1/../../../../arm-none-eabi/lib/thumb/v7e-m+fp/hard\libnosys.a(isatty.o)
                0x08002f50                _isatty
 .text._lseek   0x08002f60       0x10 c:/tools/gcc-arm-none-eabi-10-2020-q4-major/bin/../lib/gcc/arm-none-eabi/10.2.1/../../../../arm-none-eabi/lib/thumb/v7e-m+fp/hard\libnosys.a(lseek.o)
                0x08002f60                _lseek
 .text._read    0x08002f70       0x10 c:/tools/gcc-arm-none-eabi-10-2020-q4-major/bin/../lib/gcc/arm-none-eabi/10.2.1/../../../../arm-none-eabi/lib/thumb/v7e-m+fp/hard\libnosys.a(read.o)
                0x08002f70                _read
 .text._sbrk    0x08002f80       0x1c c:/tools/gcc-arm-none-eabi-10-2020-q4-major/bin/../lib/gcc/arm-none-eabi/10.2.1/../../../../arm-none-eabi/lib/thumb/v7e-m+fp/hard\libnosys.a(sbrk.o)
                0x08002f80                _sbrk
 *(.glue_7)
 .glue_7        0x08002f9c        0x0 linker stubs
 *(.glue_7t)
 .glue_7t       0x08002f9c        0x0 linker stubs
 *(.eh_frame)
 .eh_frame      0x08002f9c        0x0 c:/tools/gcc-arm-none-eabi-10-2020-q4-major/bin/../lib/gcc/arm-none-eabi/10.2.1/thumb/v7e-m+fp/hard/crtbegin.o
 *(.init)
 .init          0x08002f9c        0x4 c:/tools/gcc-arm-none-eabi-10-2020-q4-major/bin/../lib/gcc/arm-none-eabi/10.2.1/thumb/v7e-m+fp/hard/crti.o
                0x08002f9c                _init
 .init          0x08002fa0        0x8 c:/tools/gcc-arm-none-eabi-10-2020-q4-major/bin/../lib/gcc/arm-none-eabi/10.2.1/thumb/v7e-m+fp/hard/crtn.o
 *(.fini)
 .fini          0x08002fa8        0x4 c:/tools/gcc-arm-none-eabi-10-2020-q4-major/bin/../lib/gcc/arm-none-eabi/10.2.1/thumb/v7e-m+fp/hard/crti.o
                0x08002fa8                _fini
 .fini          0x08002fac        0x8 c:/tools/gcc-arm-none-eabi-10-2020-q4-major/bin/../lib/gcc/arm-none-eabi/10.2.1/thumb/v7e-m+fp/hard/crtn.o
                0x08002fb4                . = ALIGN (0x4)
                0x08002fb4                _etext = .

.vfp11_veneer   0x08002fb4        0x0
 .vfp11_veneer  0x08002fb4        0x0 linker stubs

.v4_bx          0x08002fb4        0x0
 .v4_bx         0x08002fb4        0x0 linker stubs

.iplt           0x08002fb4        0x0
 .iplt          0x08002fb4        0x0 c:/tools/gcc-arm-none-eabi-10-2020-q4-major/bin/../lib/gcc/arm-none-eabi/10.2.1/thumb/v7e-m+fp/hard/crtbegin.o

.rodata         0x08002fb4       0xd4
                0x08002fb4                . = ALIGN (0x4)
 *(.rodata)
 *(.rodata*)
 .rodata.spi_gyro_who_am_i.str1.4
                0x08002fb4       0x10 build/main.o
 .rodata.main.str1.4
                0x08002fc4       0x11 build/main.o
 *fill*         0x08002fd5        0x3 
 .rodata.AHBPrescTable
                0x08002fd8       0x10 build/system_stm32f4xx.o
                0x08002fd8                AHBPrescTable
 .rodata.APBPrescTable
                0x08002fe8        0x8 build/system_stm32f4xx.o
                0x08002fe8                APBPrescTable
 .rodata._global_impure_ptr
                0x08002ff0        0x4 c:/tools/gcc-arm-none-eabi-10-2020-q4-major/bin/../lib/gcc/arm-none-eabi/10.2.1/../../../../arm-none-eabi/lib/thumb/v7e-m+fp/hard\libc_nano.a(lib_a-impure.o)
                0x08002ff0                _global_impure_ptr
 .rodata.__sf_fake_stderr
                0x08002ff4       0x20 c:/tools/gcc-arm-none-eabi-10-2020-q4-major/bin/../lib/gcc/arm-none-eabi/10.2.1/../../../../arm-none-eabi/lib/thumb/v7e-m+fp/hard\libc_nano.a(lib_a-findfp.o)
                0x08002ff4                __sf_fake_stderr
 .rodata.__sf_fake_stdin
                0x08003014       0x20 c:/tools/gcc-arm-none-eabi-10-2020-q4-major/bin/../lib/gcc/arm-none-eabi/10.2.1/../../../../arm-none-eabi/lib/thumb/v7e-m+fp/hard\libc_nano.a(lib_a-findfp.o)
                0x08003014                __sf_fake_stdin
 .rodata.__sf_fake_stdout
                0x08003034       0x20 c:/tools/gcc-arm-none-eabi-10-2020-q4-major/bin/../lib/gcc/arm-none-eabi/10.2.1/../../../../arm-none-eabi/lib/thumb/v7e-m+fp/hard\libc_nano.a(lib_a-findfp.o)
                0x08003034                __sf_fake_stdout
 .rodata._vfprintf_r.str1.1
                0x08003054       0x11 c:/tools/gcc-arm-none-eabi-10-2020-q4-major/bin/../lib/gcc/arm-none-eabi/10.2.1/../../../../arm-none-eabi/lib/thumb/v7e-m+fp/hard\libc_nano.a(lib_a-nano-vfprintf.o)
 .rodata._printf_i.str1.1
                0x08003065       0x22 c:/tools/gcc-arm-none-eabi-10-2020-q4-major/bin/../lib/gcc/arm-none-eabi/10.2.1/../../../../arm-none-eabi/lib/thumb/v7e-m+fp/hard\libc_nano.a(lib_a-nano-vfprintf_i.o)
                0x08003088                . = ALIGN (0x4)
 *fill*         0x08003087        0x1 

.ARM.extab
 *(.ARM.extab* .gnu.linkonce.armextab.*)

.ARM            0x08003088        0x8
                0x08003088                __exidx_start = .
 *(.ARM.exidx*)
 .ARM.exidx     0x08003088        0x8 c:/tools/gcc-arm-none-eabi-10-2020-q4-major/bin/../lib/gcc/arm-none-eabi/10.2.1/thumb/v7e-m+fp/hard\libgcc.a(_udivmoddi4.o)
                0x08003090                __exidx_end = .

.rel.dyn        0x08003090        0x0
 .rel.iplt      0x08003090        0x0 c:/tools/gcc-arm-none-eabi-10-2020-q4-major/bin/../lib/gcc/arm-none-eabi/10.2.1/thumb/v7e-m+fp/hard/crtbegin.o

.preinit_array  0x08003090        0x0
                0x08003090                PROVIDE (__preinit_array_start = .)
 *(.preinit_array*)
                0x08003090                PROVIDE (__preinit_array_end = .)

.init_array     0x08003090        0x4
                0x08003090                PROVIDE (__init_array_start = .)
 *(SORT_BY_NAME(.init_array.*))
 *(.init_array*)
 .init_array    0x08003090        0x4 c:/tools/gcc-arm-none-eabi-10-2020-q4-major/bin/../lib/gcc/arm-none-eabi/10.2.1/thumb/v7e-m+fp/hard/crtbegin.o
                0x08003094                PROVIDE (__init_array_end = .)

.fini_array     0x08003094        0x4
                [!provide]                PROVIDE (__fini_array_start = .)
 *(SORT_BY_NAME(.fini_array.*))
 *(.fini_array*)
 .fini_array    0x08003094        0x4 c:/tools/gcc-arm-none-eabi-10-2020-q4-major/bin/../lib/gcc/arm-none-eabi/10.2.1/thumb/v7e-m+fp/hard/crtbegin.o
                [!provide]                PROVIDE (__fini_array_end = .)
                0x08003098                _sidata = LOADADDR (.data)

.data           0x20000000       0x70 load address 0x08003098
                0x20000000                . = ALIGN (0x4)
                0x20000000                _sdata = .
 *(.data)
 *(.data*)
 .data.uwTickFreq
                0x20000000        0x1 build/stm32f4xx_hal.o
                0x20000000                uwTickFreq
 *fill*         0x20000001        0x3 
 .data.uwTickPrio
                0x20000004        0x4 build/stm32f4xx_hal.o
                0x20000004                uwTickPrio
 .data.SystemCoreClock
                0x20000008        0x4 build/system_stm32f4xx.o
                0x20000008                SystemCoreClock
 .data._impure_ptr
                0x2000000c        0x4 c:/tools/gcc-arm-none-eabi-10-2020-q4-major/bin/../lib/gcc/arm-none-eabi/10.2.1/../../../../arm-none-eabi/lib/thumb/v7e-m+fp/hard\libc_nano.a(lib_a-impure.o)
                0x2000000c                _impure_ptr
 .data.impure_data
                0x20000010       0x60 c:/tools/gcc-arm-none-eabi-10-2020-q4-major/bin/../lib/gcc/arm-none-eabi/10.2.1/../../../../arm-none-eabi/lib/thumb/v7e-m+fp/hard\libc_nano.a(lib_a-impure.o)
                0x20000070                . = ALIGN (0x4)
                0x20000070                _edata = .

.igot.plt       0x20000070        0x0 load address 0x08003108
 .igot.plt      0x20000070        0x0 c:/tools/gcc-arm-none-eabi-10-2020-q4-major/bin/../lib/gcc/arm-none-eabi/10.2.1/thumb/v7e-m+fp/hard/crtbegin.o
                0x20000070                . = ALIGN (0x4)

.bss            0x20000070       0xd0 load address 0x08003108
                0x20000070                _sbss = .
                0x20000070                __bss_start__ = _sbss
 *(.bss)
 .bss           0x20000070       0x1c c:/tools/gcc-arm-none-eabi-10-2020-q4-major/bin/../lib/gcc/arm-none-eabi/10.2.1/thumb/v7e-m+fp/hard/crtbegin.o
 *(.bss*)
 .bss.hspi1     0x2000008c       0x58 build/main.o
                0x2000008c                hspi1
 .bss.huart2    0x200000e4       0x44 build/main.o
                0x200000e4                huart2
 .bss.uwTick    0x20000128        0x4 build/stm32f4xx_hal.o
                0x20000128                uwTick
 .bss.__lock___malloc_recursive_mutex
                0x2000012c        0x1 c:/tools/gcc-arm-none-eabi-10-2020-q4-major/bin/../lib/gcc/arm-none-eabi/10.2.1/../../../../arm-none-eabi/lib/thumb/v7e-m+fp/hard\libc_nano.a(lib_a-lock.o)
                0x2000012c                __lock___malloc_recursive_mutex
 .bss.__lock___sfp_recursive_mutex
                0x2000012d        0x1 c:/tools/gcc-arm-none-eabi-10-2020-q4-major/bin/../lib/gcc/arm-none-eabi/10.2.1/../../../../arm-none-eabi/lib/thumb/v7e-m+fp/hard\libc_nano.a(lib_a-lock.o)
                0x2000012d                __lock___sfp_recursive_mutex
 .bss.__lock___sinit_recursive_mutex
                0x2000012e        0x1 c:/tools/gcc-arm-none-eabi-10-2020-q4-major/bin/../lib/gcc/arm-none-eabi/10.2.1/../../../../arm-none-eabi/lib/thumb/v7e-m+fp/hard\libc_nano.a(lib_a-lock.o)
                0x2000012e                __lock___sinit_recursive_mutex
 *fill*         0x2000012f        0x1 
 .bss.__malloc_free_list
                0x20000130        0x4 c:/tools/gcc-arm-none-eabi-10-2020-q4-major/bin/../lib/gcc/arm-none-eabi/10.2.1/../../../../arm-none-eabi/lib/thumb/v7e-m+fp/hard\libc_nano.a(lib_a-nano-mallocr.o)
                0x20000130                __malloc_free_list
 .bss.__malloc_sbrk_start
                0x20000134        0x4 c:/tools/gcc-arm-none-eabi-10-2020-q4-major/bin/../lib/gcc/arm-none-eabi/10.2.1/../../../../arm-none-eabi/lib/thumb/v7e-m+fp/hard\libc_nano.a(lib_a-nano-mallocr.o)
                0x20000134                __malloc_sbrk_start
 .bss.errno     0x20000138        0x4 c:/tools/gcc-arm-none-eabi-10-2020-q4-major/bin/../lib/gcc/arm-none-eabi/10.2.1/../../../../arm-none-eabi/lib/thumb/v7e-m+fp/hard\libc_nano.a(lib_a-reent.o)
                0x20000138                errno
 .bss.heap_end.0
                0x2000013c        0x4 c:/tools/gcc-arm-none-eabi-10-2020-q4-major/bin/../lib/gcc/arm-none-eabi/10.2.1/../../../../arm-none-eabi/lib/thumb/v7e-m+fp/hard\libnosys.a(sbrk.o)
 *(COMMON)
                0x20000140                . = ALIGN (0x4)
                0x20000140                _ebss = .
                0x20000140                __bss_end__ = _ebss

._user_heap_stack
                0x20000140      0x600 load address 0x08003108
                0x20000140                . = ALIGN (0x8)
                0x20000140                PROVIDE (end = .)
                [!provide]                PROVIDE (_end = .)
                0x20000340                . = (. + _Min_Heap_Size)
 *fill*         0x20000140      0x200 
                0x20000740                . = (. + _Min_Stack_Size)
 *fill*         0x20000340      0x400 
                0x20000740                . = ALIGN (0x8)

/DISCARD/
 libc.a(*)
 libm.a(*)
 libgcc.a(*)

.ARM.attributes
                0x00000000       0x30
 *(.ARM.attributes)
 .ARM.attributes
                0x00000000       0x1e c:/tools/gcc-arm-none-eabi-10-2020-q4-major/bin/../lib/gcc/arm-none-eabi/10.2.1/thumb/v7e-m+fp/hard/crti.o
 .ARM.attributes
                0x0000001e       0x34 c:/tools/gcc-arm-none-eabi-10-2020-q4-major/bin/../lib/gcc/arm-none-eabi/10.2.1/thumb/v7e-m+fp/hard/crtbegin.o
 .ARM.attributes
                0x00000052       0x34 build/main.o
 .ARM.attributes
                0x00000086       0x34 build/stm32f4xx_it.o
 .ARM.attributes
                0x000000ba       0x34 build/stm32f4xx_hal_msp.o
 .ARM.attributes
                0x000000ee       0x34 build/stm32f4xx_hal_uart.o
 .ARM.attributes
                0x00000122       0x34 build/stm32f4xx_hal_rcc.o
 .ARM.attributes
                0x00000156       0x34 build/stm32f4xx_hal_rcc_ex.o
 .ARM.attributes
                0x0000018a       0x34 build/stm32f4xx_hal_gpio.o
 .ARM.attributes
                0x000001be       0x34 build/stm32f4xx_hal_cortex.o
 .ARM.attributes
                0x000001f2       0x34 build/stm32f4xx_hal.o
 .ARM.attributes
                0x00000226       0x34 build/system_stm32f4xx.o
 .ARM.attributes
                0x0000025a       0x34 build/stm32f4xx_hal_spi.o
 .ARM.attributes
                0x0000028e       0x21 build/startup_stm32f446xx.o
 .ARM.attributes
                0x000002af       0x32 c:/tools/gcc-arm-none-eabi-10-2020-q4-major/bin/../lib/gcc/arm-none-eabi/10.2.1/../../../../arm-none-eabi/lib/thumb/v7e-m+fp/hard\libc_nano.a(lib_a-impure.o)
 .ARM.attributes
                0x000002e1       0x34 c:/tools/gcc-arm-none-eabi-10-2020-q4-major/bin/../lib/gcc/arm-none-eabi/10.2.1/../../../../arm-none-eabi/lib/thumb/v7e-m+fp/hard\libc_nano.a(lib_a-init.o)
 .ARM.attributes
                0x00000315       0x34 c:/tools/gcc-arm-none-eabi-10-2020-q4-major/bin/../lib/gcc/arm-none-eabi/10.2.1/../../../../arm-none-eabi/lib/thumb/v7e-m+fp/hard\libc_nano.a(lib_a-memset.o)
 .ARM.attributes
                0x00000349       0x34 c:/tools/gcc-arm-none-eabi-10-2020-q4-major/bin/../lib/gcc/arm-none-eabi/10.2.1/../../../../arm-none-eabi/lib/thumb/v7e-m+fp/hard\libc_nano.a(lib_a-printf.o)
 .ARM.attributes
                0x0000037d       0x34 c:/tools/gcc-arm-none-eabi-10-2020-q4-major/bin/../lib/gcc/arm-none-eabi/10.2.1/../../../../arm-none-eabi/lib/thumb/v7e-m+fp/hard\libc_nano.a(lib_a-setbuf.o)
 .ARM.attributes
                0x000003b1       0x34 c:/tools/gcc-arm-none-eabi-10-2020-q4-major/bin/../lib/gcc/arm-none-eabi/10.2.1/../../../../arm-none-eabi/lib/thumb/v7e-m+fp/hard\libc_nano.a(lib_a-setvbuf.o)
 .ARM.attributes
                0x000003e5       0x34 c:/tools/gcc-arm-none-eabi-10-2020-q4-major/bin/../lib/gcc/arm-none-eabi/10.2.1/../../../../arm-none-eabi/lib/thumb/v7e-m+fp/hard\libc_nano.a(lib_a-fflush.o)
 .ARM.attributes
                0x00000419       0x34 c:/tools/gcc-arm-none-eabi-10-2020-q4-major/bin/../lib/gcc/arm-none-eabi/10.2.1/../../../../arm-none-eabi/lib/thumb/v7e-m+fp/hard\libc_nano.a(lib_a-findfp.o)
 .ARM.attributes
                0x0000044d       0x34 c:/tools/gcc-arm-none-eabi-10-2020-q4-major/bin/../lib/gcc/arm-none-eabi/10.2.1/../../../../arm-none-eabi/lib/thumb/v7e-m+fp/hard\libc_nano.a(lib_a-fwalk.o)
 .ARM.attributes
                0x00000481       0x34 c:/tools/gcc-arm-none-eabi-10-2020-q4-major/bin/../lib/gcc/arm-none-eabi/10.2.1/../../../../arm-none-eabi/lib/thumb/v7e-m+fp/hard\libc_nano.a(lib_a-lock.o)
 .ARM.attributes
                0x000004b5       0x34 c:/tools/gcc-arm-none-eabi-10-2020-q4-major/bin/../lib/gcc/arm-none-eabi/10.2.1/../../../../arm-none-eabi/lib/thumb/v7e-m+fp/hard\libc_nano.a(lib_a-makebuf.o)
 .ARM.attributes
                0x000004e9       0x34 c:/tools/gcc-arm-none-eabi-10-2020-q4-major/bin/../lib/gcc/arm-none-eabi/10.2.1/../../../../arm-none-eabi/lib/thumb/v7e-m+fp/hard\libc_nano.a(lib_a-malloc.o)
 .ARM.attributes
                0x0000051d       0x34 c:/tools/gcc-arm-none-eabi-10-2020-q4-major/bin/../lib/gcc/arm-none-eabi/10.2.1/../../../../arm-none-eabi/lib/thumb/v7e-m+fp/hard\libc_nano.a(lib_a-nano-freer.o)
 .ARM.attributes
                0x00000551       0x34 c:/tools/gcc-arm-none-eabi-10-2020-q4-major/bin/../lib/gcc/arm-none-eabi/10.2.1/../../../../arm-none-eabi/lib/thumb/v7e-m+fp/hard\libc_nano.a(lib_a-nano-mallocr.o)
 .ARM.attributes
                0x00000585       0x34 c:/tools/gcc-arm-none-eabi-10-2020-q4-major/bin/../lib/gcc/arm-none-eabi/10.2.1/../../../../arm-none-eabi/lib/thumb/v7e-m+fp/hard\libc_nano.a(lib_a-nano-vfprintf.o)
 .ARM.attributes
                0x000005b9       0x34 c:/tools/gcc-arm-none-eabi-10-2020-q4-major/bin/../lib/gcc/arm-none-eabi/10.2.1/../../../../arm-none-eabi/lib/thumb/v7e-m+fp/hard\libc_nano.a(lib_a-nano-vfprintf_i.o)
 .ARM.attributes
                0x000005ed       0x34 c:/tools/gcc-arm-none-eabi-10-2020-q4-major/bin/../lib/gcc/arm-none-eabi/10.2.1/../../../../arm-none-eabi/lib/thumb/v7e-m+fp/hard\libc_nano.a(lib_a-sbrkr.o)
 .ARM.attributes
                0x00000621       0x34 c:/tools/gcc-arm-none-eabi-10-2020-q4-major/bin/../lib/gcc/arm-none-eabi/10.2.1/../../../../arm-none-eabi/lib/thumb/v7e-m+fp/hard\libc_nano.a(lib_a-stdio.o)
 .ARM.attributes
                0x00000655       0x34 c:/tools/gcc-arm-none-eabi-10-2020-q4-major/bin/../lib/gcc/arm-none-eabi/10.2.1/../../../../arm-none-eabi/lib/thumb/v7e-m+fp/hard\libc_nano.a(lib_a-wbuf.o)
 .ARM.attributes
                0x00000689       0x34 c:/tools/gcc-arm-none-eabi-10-2020-q4-major/bin/../lib/gcc/arm-none-eabi/10.2.1/../../../../arm-none-eabi/lib/thumb/v7e-m+fp/hard\libc_nano.a(lib_a-writer.o)
 .ARM.attributes
                0x000006bd       0x34 c:/tools/gcc-arm-none-eabi-10-2020-q4-major/bin/../lib/gcc/arm-none-eabi/10.2.1/../../../../arm-none-eabi/lib/thumb/v7e-m+fp/hard\libc_nano.a(lib_a-wsetup.o)
 .ARM.attributes
                0x000006f1       0x34 c:/tools/gcc-arm-none-eabi-10-2020-q4-major/bin/../lib/gcc/arm-none-eabi/10.2.1/../../../../arm-none-eabi/lib/thumb/v7e-m+fp/hard\libc_nano.a(lib_a-closer.o)
 .ARM.attributes
                0x00000725       0x34 c:/tools/gcc-arm-none-eabi-10-2020-q4-major/bin/../lib/gcc/arm-none-eabi/10.2.1/../../../../arm-none-eabi/lib/thumb/v7e-m+fp/hard\libc_nano.a(lib_a-fstatr.o)
 .ARM.attributes
                0x00000759       0x34 c:/tools/gcc-arm-none-eabi-10-2020-q4-major/bin/../lib/gcc/arm-none-eabi/10.2.1/../../../../arm-none-eabi/lib/thumb/v7e-m+fp/hard\libc_nano.a(lib_a-isattyr.o)
 .ARM.attributes
                0x0000078d       0x34 c:/tools/gcc-arm-none-eabi-10-2020-q4-major/bin/../lib/gcc/arm-none-eabi/10.2.1/../../../../arm-none-eabi/lib/thumb/v7e-m+fp/hard\libc_nano.a(lib_a-lseekr.o)
 .ARM.attributes
                0x000007c1       0x1c c:/tools/gcc-arm-none-eabi-10-2020-q4-major/bin/../lib/gcc/arm-none-eabi/10.2.1/../../../../arm-none-eabi/lib/thumb/v7e-m+fp/hard\libc_nano.a(lib_a-memchr.o)
 .ARM.attributes
                0x000007dd       0x34 c:/tools/gcc-arm-none-eabi-10-2020-q4-major/bin/../lib/gcc/arm-none-eabi/10.2.1/../../../../arm-none-eabi/lib/thumb/v7e-m+fp/hard\libc_nano.a(lib_a-mlock.o)
 .ARM.attributes
                0x00000811       0x34 c:/tools/gcc-arm-none-eabi-10-2020-q4-major/bin/../lib/gcc/arm-none-eabi/10.2.1/../../../../arm-none-eabi/lib/thumb/v7e-m+fp/hard\libc_nano.a(lib_a-readr.o)
 .ARM.attributes
                0x00000845       0x34 c:/tools/gcc-arm-none-eabi-10-2020-q4-major/bin/../lib/gcc/arm-none-eabi/10.2.1/../../../../arm-none-eabi/lib/thumb/v7e-m+fp/hard\libc_nano.a(lib_a-reent.o)
 .ARM.attributes
                0x00000879       0x34 c:/tools/gcc-arm-none-eabi-10-2020-q4-major/bin/../lib/gcc/arm-none-eabi/10.2.1/../../../../arm-none-eabi/lib/thumb/v7e-m+fp/hard\libnosys.a(close.o)
 .ARM.attributes
                0x000008ad       0x34 c:/tools/gcc-arm-none-eabi-10-2020-q4-major/bin/../lib/gcc/arm-none-eabi/10.2.1/../../../../arm-none-eabi/lib/thumb/v7e-m+fp/hard\libnosys.a(fstat.o)
 .ARM.attributes
                0x000008e1       0x34 c:/tools/gcc-arm-none-eabi-10-2020-q4-major/bin/../lib/gcc/arm-none-eabi/10.2.1/../../../../arm-none-eabi/lib/thumb/v7e-m+fp/hard\libnosys.a(isatty.o)
 .ARM.attributes
                0x00000915       0x34 c:/tools/gcc-arm-none-eabi-10-2020-q4-major/bin/../lib/gcc/arm-none-eabi/10.2.1/../../../../arm-none-eabi/lib/thumb/v7e-m+fp/hard\libnosys.a(lseek.o)
 .ARM.attributes
                0x00000949       0x34 c:/tools/gcc-arm-none-eabi-10-2020-q4-major/bin/../lib/gcc/arm-none-eabi/10.2.1/../../../../arm-none-eabi/lib/thumb/v7e-m+fp/hard\libnosys.a(read.o)
 .ARM.attributes
                0x0000097d       0x34 c:/tools/gcc-arm-none-eabi-10-2020-q4-major/bin/../lib/gcc/arm-none-eabi/10.2.1/../../../../arm-none-eabi/lib/thumb/v7e-m+fp/hard\libnosys.a(sbrk.o)
 .ARM.attributes
                0x000009b1       0x1e c:/tools/gcc-arm-none-eabi-10-2020-q4-major/bin/../lib/gcc/arm-none-eabi/10.2.1/thumb/v7e-m+fp/hard\libgcc.a(_aeabi_uldivmod.o)
 .ARM.attributes
                0x000009cf       0x34 c:/tools/gcc-arm-none-eabi-10-2020-q4-major/bin/../lib/gcc/arm-none-eabi/10.2.1/thumb/v7e-m+fp/hard\libgcc.a(_udivmoddi4.o)
 .ARM.attributes
                0x00000a03       0x1e c:/tools/gcc-arm-none-eabi-10-2020-q4-major/bin/../lib/gcc/arm-none-eabi/10.2.1/thumb/v7e-m+fp/hard\libgcc.a(_dvmd_tls.o)
 .ARM.attributes
                0x00000a21       0x1e c:/tools/gcc-arm-none-eabi-10-2020-q4-major/bin/../lib/gcc/arm-none-eabi/10.2.1/thumb/v7e-m+fp/hard/crtn.o
OUTPUT(build/practice.elf elf32-littlearm)
LOAD linker stubs
LOAD c:/tools/gcc-arm-none-eabi-10-2020-q4-major/bin/../lib/gcc/arm-none-eabi/10.2.1/../../../../arm-none-eabi/lib/thumb/v7e-m+fp/hard\libc.a
LOAD c:/tools/gcc-arm-none-eabi-10-2020-q4-major/bin/../lib/gcc/arm-none-eabi/10.2.1/../../../../arm-none-eabi/lib/thumb/v7e-m+fp/hard\libm.a
LOAD c:/tools/gcc-arm-none-eabi-10-2020-q4-major/bin/../lib/gcc/arm-none-eabi/10.2.1/thumb/v7e-m+fp/hard\libgcc.a

.debug_info     0x00000000     0xb3bf
 .debug_info    0x00000000     0x1fc7 build/main.o
 .debug_info    0x00001fc7      0x15a build/stm32f4xx_it.o
 .debug_info    0x00002121      0xe7a build/stm32f4xx_hal_msp.o
 .debug_info    0x00002f9b     0x1e89 build/stm32f4xx_hal_uart.o
 .debug_info    0x00004e24      0xc39 build/stm32f4xx_hal_rcc.o
 .debug_info    0x00005a5d      0xdc5 build/stm32f4xx_hal_rcc_ex.o
 .debug_info    0x00006822      0x8ac build/stm32f4xx_hal_gpio.o
 .debug_info    0x000070ce     0x1192 build/stm32f4xx_hal_cortex.o
 .debug_info    0x00008260      0xb31 build/stm32f4xx_hal.o
 .debug_info    0x00008d91      0x5f7 build/system_stm32f4xx.o
 .debug_info    0x00009388     0x2015 build/stm32f4xx_hal_spi.o
 .debug_info    0x0000b39d       0x22 build/startup_stm32f446xx.o

.debug_abbrev   0x00000000     0x18f9
 .debug_abbrev  0x00000000      0x39b build/main.o
 .debug_abbrev  0x0000039b       0x81 build/stm32f4xx_it.o
 .debug_abbrev  0x0000041c      0x19d build/stm32f4xx_hal_msp.o
 .debug_abbrev  0x000005b9      0x2cd build/stm32f4xx_hal_uart.o
 .debug_abbrev  0x00000886      0x2aa build/stm32f4xx_hal_rcc.o
 .debug_abbrev  0x00000b30      0x240 build/stm32f4xx_hal_rcc_ex.o
 .debug_abbrev  0x00000d70      0x22b build/stm32f4xx_hal_gpio.o
 .debug_abbrev  0x00000f9b      0x382 build/stm32f4xx_hal_cortex.o
 .debug_abbrev  0x0000131d      0x209 build/stm32f4xx_hal.o
 .debug_abbrev  0x00001526      0x11b build/system_stm32f4xx.o
 .debug_abbrev  0x00001641      0x2a6 build/stm32f4xx_hal_spi.o
 .debug_abbrev  0x000018e7       0x12 build/startup_stm32f446xx.o

.debug_loc      0x00000000     0x7881
 .debug_loc     0x00000000      0x349 build/main.o
 .debug_loc     0x00000349       0x20 build/stm32f4xx_it.o
 .debug_loc     0x00000369      0x208 build/stm32f4xx_hal_msp.o
 .debug_loc     0x00000571     0x265b build/stm32f4xx_hal_uart.o
 .debug_loc     0x00002bcc      0x6e4 build/stm32f4xx_hal_rcc.o
 .debug_loc     0x000032b0     0x100b build/stm32f4xx_hal_rcc_ex.o
 .debug_loc     0x000042bb      0x5e8 build/stm32f4xx_hal_gpio.o
 .debug_loc     0x000048a3      0x7a4 build/stm32f4xx_hal_cortex.o
 .debug_loc     0x00005047      0x1e1 build/stm32f4xx_hal.o
 .debug_loc     0x00005228      0x158 build/system_stm32f4xx.o
 .debug_loc     0x00005380     0x2501 build/stm32f4xx_hal_spi.o

.debug_aranges  0x00000000      0x820
 .debug_aranges
                0x00000000       0x70 build/main.o
 .debug_aranges
                0x00000070       0x60 build/stm32f4xx_it.o
 .debug_aranges
                0x000000d0       0x40 build/stm32f4xx_hal_msp.o
 .debug_aranges
                0x00000110      0x200 build/stm32f4xx_hal_uart.o
 .debug_aranges
                0x00000310       0x88 build/stm32f4xx_hal_rcc.o
 .debug_aranges
                0x00000398       0x78 build/stm32f4xx_hal_rcc_ex.o
 .debug_aranges
                0x00000410       0x58 build/stm32f4xx_hal_gpio.o
 .debug_aranges
                0x00000468       0xa8 build/stm32f4xx_hal_cortex.o
 .debug_aranges
                0x00000510       0xf0 build/stm32f4xx_hal.o
 .debug_aranges
                0x00000600       0x28 build/system_stm32f4xx.o
 .debug_aranges
                0x00000628      0x1d0 build/stm32f4xx_hal_spi.o
 .debug_aranges
                0x000007f8       0x28 build/startup_stm32f446xx.o

.debug_ranges   0x00000000      0x810
 .debug_ranges  0x00000000       0x78 build/main.o
 .debug_ranges  0x00000078       0x50 build/stm32f4xx_it.o
 .debug_ranges  0x000000c8       0x30 build/stm32f4xx_hal_msp.o
 .debug_ranges  0x000000f8      0x1f0 build/stm32f4xx_hal_uart.o
 .debug_ranges  0x000002e8       0x90 build/stm32f4xx_hal_rcc.o
 .debug_ranges  0x00000378       0x80 build/stm32f4xx_hal_rcc_ex.o
 .debug_ranges  0x000003f8       0x48 build/stm32f4xx_hal_gpio.o
 .debug_ranges  0x00000440       0xf8 build/stm32f4xx_hal_cortex.o
 .debug_ranges  0x00000538       0xe0 build/stm32f4xx_hal.o
 .debug_ranges  0x00000618       0x18 build/system_stm32f4xx.o
 .debug_ranges  0x00000630      0x1c0 build/stm32f4xx_hal_spi.o
 .debug_ranges  0x000007f0       0x20 build/startup_stm32f446xx.o

.debug_line     0x00000000     0x85e6
 .debug_line    0x00000000      0x6f5 build/main.o
 .debug_line    0x000006f5      0x177 build/stm32f4xx_it.o
 .debug_line    0x0000086c      0x326 build/stm32f4xx_hal_msp.o
 .debug_line    0x00000b92     0x20ae build/stm32f4xx_hal_uart.o
 .debug_line    0x00002c40      0xb09 build/stm32f4xx_hal_rcc.o
 .debug_line    0x00003749     0x1380 build/stm32f4xx_hal_rcc_ex.o
 .debug_line    0x00004ac9      0x6c9 build/stm32f4xx_hal_gpio.o
 .debug_line    0x00005192      0x76a build/stm32f4xx_hal_cortex.o
 .debug_line    0x000058fc      0x557 build/stm32f4xx_hal.o
 .debug_line    0x00005e53      0x242 build/system_stm32f4xx.o
 .debug_line    0x00006095     0x24db build/stm32f4xx_hal_spi.o
 .debug_line    0x00008570       0x76 build/startup_stm32f446xx.o

.debug_str      0x00000000     0x2eee
 .debug_str     0x00000000      0xee5 build/main.o
                                0xfe1 (size before relaxing)
 .debug_str     0x00000ee5       0xb4 build/stm32f4xx_it.o
                                0x209 (size before relaxing)
 .debug_str     0x00000f99       0xa7 build/stm32f4xx_hal_msp.o
                                0x97f (size before relaxing)
 .debug_str     0x00001040      0x68b build/stm32f4xx_hal_uart.o
                                0xd0f (size before relaxing)
 .debug_str     0x000016cb      0x1d7 build/stm32f4xx_hal_rcc.o
                                0x70a (size before relaxing)
 .debug_str     0x000018a2      0x344 build/stm32f4xx_hal_rcc_ex.o
                                0x7f1 (size before relaxing)
 .debug_str     0x00001be6      0x112 build/stm32f4xx_hal_gpio.o
                                0x4df (size before relaxing)
 .debug_str     0x00001cf8      0xa09 build/stm32f4xx_hal_cortex.o
                                0xc47 (size before relaxing)
 .debug_str     0x00002701      0x295 build/stm32f4xx_hal.o
                                0xb9a (size before relaxing)
 .debug_str     0x00002996       0x47 build/system_stm32f4xx.o
                                0x374 (size before relaxing)
 .debug_str     0x000029dd      0x4ed build/stm32f4xx_hal_spi.o
                                0xbd4 (size before relaxing)
 .debug_str     0x00002eca       0x24 build/startup_stm32f446xx.o
                                 0x44 (size before relaxing)

.comment        0x00000000       0x4d
 .comment       0x00000000       0x4d build/main.o
                                 0x4e (size before relaxing)
 .comment       0x0000004d       0x4e build/stm32f4xx_it.o
 .comment       0x0000004d       0x4e build/stm32f4xx_hal_msp.o
 .comment       0x0000004d       0x4e build/stm32f4xx_hal_uart.o
 .comment       0x0000004d       0x4e build/stm32f4xx_hal_rcc.o
 .comment       0x0000004d       0x4e build/stm32f4xx_hal_rcc_ex.o
 .comment       0x0000004d       0x4e build/stm32f4xx_hal_gpio.o
 .comment       0x0000004d       0x4e build/stm32f4xx_hal_cortex.o
 .comment       0x0000004d       0x4e build/stm32f4xx_hal.o
 .comment       0x0000004d       0x4e build/system_stm32f4xx.o
 .comment       0x0000004d       0x4e build/stm32f4xx_hal_spi.o

.debug_frame    0x00000000     0x1e70
 .debug_frame   0x00000000      0x13c build/main.o
 .debug_frame   0x0000013c       0xa8 build/stm32f4xx_it.o
 .debug_frame   0x000001e4       0x9c build/stm32f4xx_hal_msp.o
 .debug_frame   0x00000280      0x5c4 build/stm32f4xx_hal_uart.o
 .debug_frame   0x00000844      0x16c build/stm32f4xx_hal_rcc.o
 .debug_frame   0x000009b0      0x14c build/stm32f4xx_hal_rcc_ex.o
 .debug_frame   0x00000afc       0xd8 build/stm32f4xx_hal_gpio.o
 .debug_frame   0x00000bd4      0x148 build/stm32f4xx_hal_cortex.o
 .debug_frame   0x00000d1c      0x1ec build/stm32f4xx_hal.o
 .debug_frame   0x00000f08       0x30 build/system_stm32f4xx.o
 .debug_frame   0x00000f38      0x5a4 build/stm32f4xx_hal_spi.o
 .debug_frame   0x000014dc       0x2c c:/tools/gcc-arm-none-eabi-10-2020-q4-major/bin/../lib/gcc/arm-none-eabi/10.2.1/../../../../arm-none-eabi/lib/thumb/v7e-m+fp/hard\libc_nano.a(lib_a-init.o)
 .debug_frame   0x00001508       0x20 c:/tools/gcc-arm-none-eabi-10-2020-q4-major/bin/../lib/gcc/arm-none-eabi/10.2.1/../../../../arm-none-eabi/lib/thumb/v7e-m+fp/hard\libc_nano.a(lib_a-memset.o)
 .debug_frame   0x00001528       0x74 c:/tools/gcc-arm-none-eabi-10-2020-q4-major/bin/../lib/gcc/arm-none-eabi/10.2.1/../../../../arm-none-eabi/lib/thumb/v7e-m+fp/hard\libc_nano.a(lib_a-printf.o)
 .debug_frame   0x0000159c       0x20 c:/tools/gcc-arm-none-eabi-10-2020-q4-major/bin/../lib/gcc/arm-none-eabi/10.2.1/../../../../arm-none-eabi/lib/thumb/v7e-m+fp/hard\libc_nano.a(lib_a-setbuf.o)
 .debug_frame   0x000015bc       0x38 c:/tools/gcc-arm-none-eabi-10-2020-q4-major/bin/../lib/gcc/arm-none-eabi/10.2.1/../../../../arm-none-eabi/lib/thumb/v7e-m+fp/hard\libc_nano.a(lib_a-setvbuf.o)
 .debug_frame   0x000015f4       0x5c c:/tools/gcc-arm-none-eabi-10-2020-q4-major/bin/../lib/gcc/arm-none-eabi/10.2.1/../../../../arm-none-eabi/lib/thumb/v7e-m+fp/hard\libc_nano.a(lib_a-fflush.o)
 .debug_frame   0x00001650      0x14c c:/tools/gcc-arm-none-eabi-10-2020-q4-major/bin/../lib/gcc/arm-none-eabi/10.2.1/../../../../arm-none-eabi/lib/thumb/v7e-m+fp/hard\libc_nano.a(lib_a-findfp.o)
 .debug_frame   0x0000179c       0x54 c:/tools/gcc-arm-none-eabi-10-2020-q4-major/bin/../lib/gcc/arm-none-eabi/10.2.1/../../../../arm-none-eabi/lib/thumb/v7e-m+fp/hard\libc_nano.a(lib_a-fwalk.o)
 .debug_frame   0x000017f0       0xb0 c:/tools/gcc-arm-none-eabi-10-2020-q4-major/bin/../lib/gcc/arm-none-eabi/10.2.1/../../../../arm-none-eabi/lib/thumb/v7e-m+fp/hard\libc_nano.a(lib_a-lock.o)
 .debug_frame   0x000018a0       0x58 c:/tools/gcc-arm-none-eabi-10-2020-q4-major/bin/../lib/gcc/arm-none-eabi/10.2.1/../../../../arm-none-eabi/lib/thumb/v7e-m+fp/hard\libc_nano.a(lib_a-makebuf.o)
 .debug_frame   0x000018f8       0x30 c:/tools/gcc-arm-none-eabi-10-2020-q4-major/bin/../lib/gcc/arm-none-eabi/10.2.1/../../../../arm-none-eabi/lib/thumb/v7e-m+fp/hard\libc_nano.a(lib_a-malloc.o)
 .debug_frame   0x00001928       0x38 c:/tools/gcc-arm-none-eabi-10-2020-q4-major/bin/../lib/gcc/arm-none-eabi/10.2.1/../../../../arm-none-eabi/lib/thumb/v7e-m+fp/hard\libc_nano.a(lib_a-nano-freer.o)
 .debug_frame   0x00001960       0x30 c:/tools/gcc-arm-none-eabi-10-2020-q4-major/bin/../lib/gcc/arm-none-eabi/10.2.1/../../../../arm-none-eabi/lib/thumb/v7e-m+fp/hard\libc_nano.a(lib_a-nano-mallocr.o)
 .debug_frame   0x00001990       0xac c:/tools/gcc-arm-none-eabi-10-2020-q4-major/bin/../lib/gcc/arm-none-eabi/10.2.1/../../../../arm-none-eabi/lib/thumb/v7e-m+fp/hard\libc_nano.a(lib_a-nano-vfprintf.o)
 .debug_frame   0x00001a3c       0x60 c:/tools/gcc-arm-none-eabi-10-2020-q4-major/bin/../lib/gcc/arm-none-eabi/10.2.1/../../../../arm-none-eabi/lib/thumb/v7e-m+fp/hard\libc_nano.a(lib_a-nano-vfprintf_i.o)
 .debug_frame   0x00001a9c       0x2c c:/tools/gcc-arm-none-eabi-10-2020-q4-major/bin/../lib/gcc/arm-none-eabi/10.2.1/../../../../arm-none-eabi/lib/thumb/v7e-m+fp/hard\libc_nano.a(lib_a-sbrkr.o)
 .debug_frame   0x00001ac8       0x88 c:/tools/gcc-arm-none-eabi-10-2020-q4-major/bin/../lib/gcc/arm-none-eabi/10.2.1/../../../../arm-none-eabi/lib/thumb/v7e-m+fp/hard\libc_nano.a(lib_a-stdio.o)
 .debug_frame   0x00001b50       0x40 c:/tools/gcc-arm-none-eabi-10-2020-q4-major/bin/../lib/gcc/arm-none-eabi/10.2.1/../../../../arm-none-eabi/lib/thumb/v7e-m+fp/hard\libc_nano.a(lib_a-wbuf.o)
 .debug_frame   0x00001b90       0x2c c:/tools/gcc-arm-none-eabi-10-2020-q4-major/bin/../lib/gcc/arm-none-eabi/10.2.1/../../../../arm-none-eabi/lib/thumb/v7e-m+fp/hard\libc_nano.a(lib_a-writer.o)
 .debug_frame   0x00001bbc       0x2c c:/tools/gcc-arm-none-eabi-10-2020-q4-major/bin/../lib/gcc/arm-none-eabi/10.2.1/../../../../arm-none-eabi/lib/thumb/v7e-m+fp/hard\libc_nano.a(lib_a-wsetup.o)
 .debug_frame   0x00001be8       0x2c c:/tools/gcc-arm-none-eabi-10-2020-q4-major/bin/../lib/gcc/arm-none-eabi/10.2.1/../../../../arm-none-eabi/lib/thumb/v7e-m+fp/hard\libc_nano.a(lib_a-closer.o)
 .debug_frame   0x00001c14       0x2c c:/tools/gcc-arm-none-eabi-10-2020-q4-major/bin/../lib/gcc/arm-none-eabi/10.2.1/../../../../arm-none-eabi/lib/thumb/v7e-m+fp/hard\libc_nano.a(lib_a-fstatr.o)
 .debug_frame   0x00001c40       0x2c c:/tools/gcc-arm-none-eabi-10-2020-q4-major/bin/../lib/gcc/arm-none-eabi/10.2.1/../../../../arm-none-eabi/lib/thumb/v7e-m+fp/hard\libc_nano.a(lib_a-isattyr.o)
 .debug_frame   0x00001c6c       0x2c c:/tools/gcc-arm-none-eabi-10-2020-q4-major/bin/../lib/gcc/arm-none-eabi/10.2.1/../../../../arm-none-eabi/lib/thumb/v7e-m+fp/hard\libc_nano.a(lib_a-lseekr.o)
 .debug_frame   0x00001c98       0x30 c:/tools/gcc-arm-none-eabi-10-2020-q4-major/bin/../lib/gcc/arm-none-eabi/10.2.1/../../../../arm-none-eabi/lib/thumb/v7e-m+fp/hard\libc_nano.a(lib_a-mlock.o)
 .debug_frame   0x00001cc8       0x2c c:/tools/gcc-arm-none-eabi-10-2020-q4-major/bin/../lib/gcc/arm-none-eabi/10.2.1/../../../../arm-none-eabi/lib/thumb/v7e-m+fp/hard\libc_nano.a(lib_a-readr.o)
 .debug_frame   0x00001cf4       0x5c c:/tools/gcc-arm-none-eabi-10-2020-q4-major/bin/../lib/gcc/arm-none-eabi/10.2.1/../../../../arm-none-eabi/lib/thumb/v7e-m+fp/hard\libc_nano.a(lib_a-reent.o)
 .debug_frame   0x00001d50       0x20 c:/tools/gcc-arm-none-eabi-10-2020-q4-major/bin/../lib/gcc/arm-none-eabi/10.2.1/../../../../arm-none-eabi/lib/thumb/v7e-m+fp/hard\libnosys.a(close.o)
 .debug_frame   0x00001d70       0x20 c:/tools/gcc-arm-none-eabi-10-2020-q4-major/bin/../lib/gcc/arm-none-eabi/10.2.1/../../../../arm-none-eabi/lib/thumb/v7e-m+fp/hard\libnosys.a(fstat.o)
 .debug_frame   0x00001d90       0x20 c:/tools/gcc-arm-none-eabi-10-2020-q4-major/bin/../lib/gcc/arm-none-eabi/10.2.1/../../../../arm-none-eabi/lib/thumb/v7e-m+fp/hard\libnosys.a(isatty.o)
 .debug_frame   0x00001db0       0x20 c:/tools/gcc-arm-none-eabi-10-2020-q4-major/bin/../lib/gcc/arm-none-eabi/10.2.1/../../../../arm-none-eabi/lib/thumb/v7e-m+fp/hard\libnosys.a(lseek.o)
 .debug_frame   0x00001dd0       0x20 c:/tools/gcc-arm-none-eabi-10-2020-q4-major/bin/../lib/gcc/arm-none-eabi/10.2.1/../../../../arm-none-eabi/lib/thumb/v7e-m+fp/hard\libnosys.a(read.o)
 .debug_frame   0x00001df0       0x20 c:/tools/gcc-arm-none-eabi-10-2020-q4-major/bin/../lib/gcc/arm-none-eabi/10.2.1/../../../../arm-none-eabi/lib/thumb/v7e-m+fp/hard\libnosys.a(sbrk.o)
 .debug_frame   0x00001e10       0x2c c:/tools/gcc-arm-none-eabi-10-2020-q4-major/bin/../lib/gcc/arm-none-eabi/10.2.1/thumb/v7e-m+fp/hard\libgcc.a(_aeabi_uldivmod.o)
 .debug_frame   0x00001e3c       0x34 c:/tools/gcc-arm-none-eabi-10-2020-q4-major/bin/../lib/gcc/arm-none-eabi/10.2.1/thumb/v7e-m+fp/hard\libgcc.a(_udivmoddi4.o)

.stab           0x00000000       0x84
 .stab          0x00000000       0x24 c:/tools/gcc-arm-none-eabi-10-2020-q4-major/bin/../lib/gcc/arm-none-eabi/10.2.1/../../../../arm-none-eabi/lib/thumb/v7e-m+fp/hard\libnosys.a(close.o)
 .stab          0x00000024       0x18 c:/tools/gcc-arm-none-eabi-10-2020-q4-major/bin/../lib/gcc/arm-none-eabi/10.2.1/../../../../arm-none-eabi/lib/thumb/v7e-m+fp/hard\libnosys.a(fstat.o)
                                 0x24 (size before relaxing)
 .stab          0x0000003c       0x18 c:/tools/gcc-arm-none-eabi-10-2020-q4-major/bin/../lib/gcc/arm-none-eabi/10.2.1/../../../../arm-none-eabi/lib/thumb/v7e-m+fp/hard\libnosys.a(isatty.o)
                                 0x24 (size before relaxing)
 .stab          0x00000054       0x18 c:/tools/gcc-arm-none-eabi-10-2020-q4-major/bin/../lib/gcc/arm-none-eabi/10.2.1/../../../../arm-none-eabi/lib/thumb/v7e-m+fp/hard\libnosys.a(lseek.o)
                                 0x24 (size before relaxing)
 .stab          0x0000006c       0x18 c:/tools/gcc-arm-none-eabi-10-2020-q4-major/bin/../lib/gcc/arm-none-eabi/10.2.1/../../../../arm-none-eabi/lib/thumb/v7e-m+fp/hard\libnosys.a(read.o)
                                 0x24 (size before relaxing)

.stabstr        0x00000000      0x117
 .stabstr       0x00000000      0x117 c:/tools/gcc-arm-none-eabi-10-2020-q4-major/bin/../lib/gcc/arm-none-eabi/10.2.1/../../../../arm-none-eabi/lib/thumb/v7e-m+fp/hard\libnosys.a(close.o)

Cross Reference Table

Symbol                                            File
ADC_IRQHandler                                    build/startup_stm32f446xx.o
AHBPrescTable                                     build/system_stm32f4xx.o
                                                  build/stm32f4xx_hal_rcc.o
APBPrescTable                                     build/system_stm32f4xx.o
                                                  build/stm32f4xx_hal_rcc.o
BusFault_Handler                                  build/stm32f4xx_it.o
CAN1_RX0_IRQHandler                               build/startup_stm32f446xx.o
CAN1_RX1_IRQHandler                               build/startup_stm32f446xx.o
CAN1_SCE_IRQHandler                               build/startup_stm32f446xx.o
CAN1_TX_IRQHandler                                build/startup_stm32f446xx.o
CAN2_RX0_IRQHandler                               build/startup_stm32f446xx.o
CAN2_RX1_IRQHandler                               build/startup_stm32f446xx.o
CAN2_SCE_IRQHandler                               build/startup_stm32f446xx.o
CAN2_TX_IRQHandler                                build/startup_stm32f446xx.o
CEC_IRQHandler                                    build/startup_stm32f446xx.o
DCMI_IRQHandler                                   build/startup_stm32f446xx.o
DMA1_Stream0_IRQHandler                           build/startup_stm32f446xx.o
DMA1_Stream1_IRQHandler                           build/startup_stm32f446xx.o
DMA1_Stream2_IRQHandler                           build/startup_stm32f446xx.o
DMA1_Stream3_IRQHandler                           build/startup_stm32f446xx.o
DMA1_Stream4_IRQHandler                           build/startup_stm32f446xx.o
DMA1_Stream5_IRQHandler                           build/startup_stm32f446xx.o
DMA1_Stream6_IRQHandler                           build/startup_stm32f446xx.o
DMA1_Stream7_IRQHandler                           build/startup_stm32f446xx.o
DMA2_Stream0_IRQHandler                           build/startup_stm32f446xx.o
DMA2_Stream1_IRQHandler                           build/startup_stm32f446xx.o
DMA2_Stream2_IRQHandler                           build/startup_stm32f446xx.o
DMA2_Stream3_IRQHandler                           build/startup_stm32f446xx.o
DMA2_Stream4_IRQHandler                           build/startup_stm32f446xx.o
DMA2_Stream5_IRQHandler                           build/startup_stm32f446xx.o
DMA2_Stream6_IRQHandler                           build/startup_stm32f446xx.o
DMA2_Stream7_IRQHandler                           build/startup_stm32f446xx.o
DebugMon_Handler                                  build/stm32f4xx_it.o
Default_Handler                                   build/startup_stm32f446xx.o
EXTI0_IRQHandler                                  build/startup_stm32f446xx.o
EXTI15_10_IRQHandler                              build/startup_stm32f446xx.o
EXTI1_IRQHandler                                  build/startup_stm32f446xx.o
EXTI2_IRQHandler                                  build/startup_stm32f446xx.o
EXTI3_IRQHandler                                  build/startup_stm32f446xx.o
EXTI4_IRQHandler                                  build/startup_stm32f446xx.o
EXTI9_5_IRQHandler                                build/startup_stm32f446xx.o
Error_Handler                                     build/main.o
FLASH_Erase_Sector                                build/stm32f4xx_hal_flash_ex.o
                                                  build/stm32f4xx_hal_flash.o
FLASH_FlushCaches                                 build/stm32f4xx_hal_flash_ex.o
                                                  build/stm32f4xx_hal_flash.o
FLASH_IRQHandler                                  build/startup_stm32f446xx.o
FLASH_WaitForLastOperation                        build/stm32f4xx_hal_flash.o
                                                  build/stm32f4xx_hal_flash_ex.o
FMC_IRQHandler                                    build/startup_stm32f446xx.o
FMPI2C1_ER_IRQHandler                             build/startup_stm32f446xx.o
FMPI2C1_EV_IRQHandler                             build/startup_stm32f446xx.o
FPU_IRQHandler                                    build/startup_stm32f446xx.o
HAL_DBGMCU_DisableDBGSleepMode                    build/stm32f4xx_hal.o
HAL_DBGMCU_DisableDBGStandbyMode                  build/stm32f4xx_hal.o
HAL_DBGMCU_DisableDBGStopMode                     build/stm32f4xx_hal.o
HAL_DBGMCU_EnableDBGSleepMode                     build/stm32f4xx_hal.o
HAL_DBGMCU_EnableDBGStandbyMode                   build/stm32f4xx_hal.o
HAL_DBGMCU_EnableDBGStopMode                      build/stm32f4xx_hal.o
HAL_DMAEx_ChangeMemory                            build/stm32f4xx_hal_dma_ex.o
HAL_DMAEx_MultiBufferStart                        build/stm32f4xx_hal_dma_ex.o
HAL_DMAEx_MultiBufferStart_IT                     build/stm32f4xx_hal_dma_ex.o
HAL_DMA_Abort                                     build/stm32f4xx_hal_dma.o
                                                  build/stm32f4xx_hal_spi.o
                                                  build/stm32f4xx_hal_uart.o
HAL_DMA_Abort_IT                                  build/stm32f4xx_hal_dma.o
                                                  build/stm32f4xx_hal_spi.o
                                                  build/stm32f4xx_hal_uart.o
HAL_DMA_DeInit                                    build/stm32f4xx_hal_dma.o
HAL_DMA_GetError                                  build/stm32f4xx_hal_dma.o
                                                  build/stm32f4xx_hal_uart.o
HAL_DMA_GetState                                  build/stm32f4xx_hal_dma.o
HAL_DMA_IRQHandler                                build/stm32f4xx_hal_dma.o
HAL_DMA_Init                                      build/stm32f4xx_hal_dma.o
HAL_DMA_PollForTransfer                           build/stm32f4xx_hal_dma.o
HAL_DMA_RegisterCallback                          build/stm32f4xx_hal_dma.o
HAL_DMA_Start                                     build/stm32f4xx_hal_dma.o
HAL_DMA_Start_IT                                  build/stm32f4xx_hal_dma.o
                                                  build/stm32f4xx_hal_spi.o
                                                  build/stm32f4xx_hal_uart.o
HAL_DMA_UnRegisterCallback                        build/stm32f4xx_hal_dma.o
HAL_DeInit                                        build/stm32f4xx_hal.o
HAL_Delay                                         build/stm32f4xx_hal.o
                                                  build/main.o
HAL_DisableCompensationCell                       build/stm32f4xx_hal.o
HAL_EXTI_ClearConfigLine                          build/stm32f4xx_hal_exti.o
HAL_EXTI_ClearPending                             build/stm32f4xx_hal_exti.o
HAL_EXTI_GenerateSWI                              build/stm32f4xx_hal_exti.o
HAL_EXTI_GetConfigLine                            build/stm32f4xx_hal_exti.o
HAL_EXTI_GetHandle                                build/stm32f4xx_hal_exti.o
HAL_EXTI_GetPending                               build/stm32f4xx_hal_exti.o
HAL_EXTI_IRQHandler                               build/stm32f4xx_hal_exti.o
HAL_EXTI_RegisterCallback                         build/stm32f4xx_hal_exti.o
HAL_EXTI_SetConfigLine                            build/stm32f4xx_hal_exti.o
HAL_EnableCompensationCell                        build/stm32f4xx_hal.o
HAL_FLASHEx_AdvOBGetConfig                        build/stm32f4xx_hal_flash_ex.o
HAL_FLASHEx_AdvOBProgram                          build/stm32f4xx_hal_flash_ex.o
HAL_FLASHEx_DisableFlashSleepMode                 build/stm32f4xx_hal_flash_ramfunc.o
HAL_FLASHEx_EnableFlashSleepMode                  build/stm32f4xx_hal_flash_ramfunc.o
HAL_FLASHEx_Erase                                 build/stm32f4xx_hal_flash_ex.o
HAL_FLASHEx_Erase_IT                              build/stm32f4xx_hal_flash_ex.o
HAL_FLASHEx_OBGetConfig                           build/stm32f4xx_hal_flash_ex.o
HAL_FLASHEx_OBProgram                             build/stm32f4xx_hal_flash_ex.o
HAL_FLASHEx_OB_DeSelectPCROP                      build/stm32f4xx_hal_flash_ex.o
HAL_FLASHEx_OB_SelectPCROP                        build/stm32f4xx_hal_flash_ex.o
HAL_FLASHEx_StartFlashInterfaceClk                build/stm32f4xx_hal_flash_ramfunc.o
HAL_FLASHEx_StopFlashInterfaceClk                 build/stm32f4xx_hal_flash_ramfunc.o
HAL_FLASH_EndOfOperationCallback                  build/stm32f4xx_hal_flash.o
HAL_FLASH_GetError                                build/stm32f4xx_hal_flash.o
HAL_FLASH_IRQHandler                              build/stm32f4xx_hal_flash.o
HAL_FLASH_Lock                                    build/stm32f4xx_hal_flash.o
HAL_FLASH_OB_Launch                               build/stm32f4xx_hal_flash.o
HAL_FLASH_OB_Lock                                 build/stm32f4xx_hal_flash.o
HAL_FLASH_OB_Unlock                               build/stm32f4xx_hal_flash.o
HAL_FLASH_OperationErrorCallback                  build/stm32f4xx_hal_flash.o
HAL_FLASH_Program                                 build/stm32f4xx_hal_flash.o
HAL_FLASH_Program_IT                              build/stm32f4xx_hal_flash.o
HAL_FLASH_Unlock                                  build/stm32f4xx_hal_flash.o
HAL_GPIO_DeInit                                   build/stm32f4xx_hal_gpio.o
                                                  build/stm32f4xx_hal_msp.o
HAL_GPIO_EXTI_Callback                            build/stm32f4xx_hal_gpio.o
HAL_GPIO_EXTI_IRQHandler                          build/stm32f4xx_hal_gpio.o
HAL_GPIO_Init                                     build/stm32f4xx_hal_gpio.o
                                                  build/stm32f4xx_hal_rcc.o
                                                  build/stm32f4xx_hal_msp.o
                                                  build/main.o
HAL_GPIO_LockPin                                  build/stm32f4xx_hal_gpio.o
HAL_GPIO_ReadPin                                  build/stm32f4xx_hal_gpio.o
HAL_GPIO_TogglePin                                build/stm32f4xx_hal_gpio.o
                                                  build/main.o
HAL_GPIO_WritePin                                 build/stm32f4xx_hal_gpio.o
                                                  build/main.o
HAL_GetDEVID                                      build/stm32f4xx_hal.o
HAL_GetHalVersion                                 build/stm32f4xx_hal.o
HAL_GetREVID                                      build/stm32f4xx_hal.o
HAL_GetTick                                       build/stm32f4xx_hal.o
                                                  build/stm32f4xx_hal_spi.o
                                                  build/stm32f4xx_hal_pwr_ex.o
                                                  build/stm32f4xx_hal_dma.o
                                                  build/stm32f4xx_hal_flash.o
                                                  build/stm32f4xx_hal_rcc_ex.o
                                                  build/stm32f4xx_hal_rcc.o
                                                  build/stm32f4xx_hal_uart.o
HAL_GetTickFreq                                   build/stm32f4xx_hal.o
HAL_GetTickPrio                                   build/stm32f4xx_hal.o
HAL_GetUIDw0                                      build/stm32f4xx_hal.o
HAL_GetUIDw1                                      build/stm32f4xx_hal.o
HAL_GetUIDw2                                      build/stm32f4xx_hal.o
HAL_HalfDuplex_EnableReceiver                     build/stm32f4xx_hal_uart.o
HAL_HalfDuplex_EnableTransmitter                  build/stm32f4xx_hal_uart.o
HAL_HalfDuplex_Init                               build/stm32f4xx_hal_uart.o
HAL_IncTick                                       build/stm32f4xx_hal.o
                                                  build/stm32f4xx_it.o
HAL_Init                                          build/stm32f4xx_hal.o
                                                  build/main.o
HAL_InitTick                                      build/stm32f4xx_hal.o
                                                  build/stm32f4xx_hal_rcc_ex.o
                                                  build/stm32f4xx_hal_rcc.o
HAL_LIN_Init                                      build/stm32f4xx_hal_uart.o
HAL_LIN_SendBreak                                 build/stm32f4xx_hal_uart.o
HAL_MPU_ConfigRegion                              build/stm32f4xx_hal_cortex.o
HAL_MPU_Disable                                   build/stm32f4xx_hal_cortex.o
HAL_MPU_Enable                                    build/stm32f4xx_hal_cortex.o
HAL_MspDeInit                                     build/stm32f4xx_hal.o
HAL_MspInit                                       build/stm32f4xx_hal_msp.o
HAL_MultiProcessor_EnterMuteMode                  build/stm32f4xx_hal_uart.o
HAL_MultiProcessor_ExitMuteMode                   build/stm32f4xx_hal_uart.o
HAL_MultiProcessor_Init                           build/stm32f4xx_hal_uart.o
HAL_NVIC_ClearPendingIRQ                          build/stm32f4xx_hal_cortex.o
HAL_NVIC_DisableIRQ                               build/stm32f4xx_hal_cortex.o
HAL_NVIC_EnableIRQ                                build/stm32f4xx_hal_cortex.o
HAL_NVIC_GetActive                                build/stm32f4xx_hal_cortex.o
HAL_NVIC_GetPendingIRQ                            build/stm32f4xx_hal_cortex.o
HAL_NVIC_GetPriority                              build/stm32f4xx_hal_cortex.o
HAL_NVIC_GetPriorityGrouping                      build/stm32f4xx_hal_cortex.o
HAL_NVIC_SetPendingIRQ                            build/stm32f4xx_hal_cortex.o
HAL_NVIC_SetPriority                              build/stm32f4xx_hal_cortex.o
                                                  build/stm32f4xx_hal.o
HAL_NVIC_SetPriorityGrouping                      build/stm32f4xx_hal_cortex.o
                                                  build/stm32f4xx_hal.o
                                                  build/stm32f4xx_hal_msp.o
HAL_NVIC_SystemReset                              build/stm32f4xx_hal_cortex.o
HAL_PWREx_ControlVoltageScaling                   build/stm32f4xx_hal_pwr_ex.o
HAL_PWREx_DisableBkUpReg                          build/stm32f4xx_hal_pwr_ex.o
HAL_PWREx_DisableFlashPowerDown                   build/stm32f4xx_hal_pwr_ex.o
HAL_PWREx_DisableOverDrive                        build/stm32f4xx_hal_pwr_ex.o
HAL_PWREx_EnableBkUpReg                           build/stm32f4xx_hal_pwr_ex.o
HAL_PWREx_EnableFlashPowerDown                    build/stm32f4xx_hal_pwr_ex.o
HAL_PWREx_EnableOverDrive                         build/stm32f4xx_hal_pwr_ex.o
HAL_PWREx_EnterUnderDriveSTOPMode                 build/stm32f4xx_hal_pwr_ex.o
HAL_PWREx_GetVoltageRange                         build/stm32f4xx_hal_pwr_ex.o
HAL_PWR_ConfigPVD                                 build/stm32f4xx_hal_pwr.o
HAL_PWR_DeInit                                    build/stm32f4xx_hal_pwr.o
HAL_PWR_DisableBkUpAccess                         build/stm32f4xx_hal_pwr.o
HAL_PWR_DisablePVD                                build/stm32f4xx_hal_pwr.o
HAL_PWR_DisableSEVOnPend                          build/stm32f4xx_hal_pwr.o
HAL_PWR_DisableSleepOnExit                        build/stm32f4xx_hal_pwr.o
HAL_PWR_DisableWakeUpPin                          build/stm32f4xx_hal_pwr.o
HAL_PWR_EnableBkUpAccess                          build/stm32f4xx_hal_pwr.o
HAL_PWR_EnablePVD                                 build/stm32f4xx_hal_pwr.o
HAL_PWR_EnableSEVOnPend                           build/stm32f4xx_hal_pwr.o
HAL_PWR_EnableSleepOnExit                         build/stm32f4xx_hal_pwr.o
HAL_PWR_EnableWakeUpPin                           build/stm32f4xx_hal_pwr.o
HAL_PWR_EnterSLEEPMode                            build/stm32f4xx_hal_pwr.o
HAL_PWR_EnterSTANDBYMode                          build/stm32f4xx_hal_pwr.o
HAL_PWR_EnterSTOPMode                             build/stm32f4xx_hal_pwr.o
HAL_PWR_PVDCallback                               build/stm32f4xx_hal_pwr.o
HAL_PWR_PVD_IRQHandler                            build/stm32f4xx_hal_pwr.o
HAL_RCCEx_DisablePLLI2S                           build/stm32f4xx_hal_rcc_ex.o
HAL_RCCEx_DisablePLLSAI                           build/stm32f4xx_hal_rcc_ex.o
HAL_RCCEx_EnablePLLI2S                            build/stm32f4xx_hal_rcc_ex.o
HAL_RCCEx_EnablePLLSAI                            build/stm32f4xx_hal_rcc_ex.o
HAL_RCCEx_GetPeriphCLKConfig                      build/stm32f4xx_hal_rcc_ex.o
HAL_RCCEx_GetPeriphCLKFreq                        build/stm32f4xx_hal_rcc_ex.o
HAL_RCCEx_PeriphCLKConfig                         build/stm32f4xx_hal_rcc_ex.o
HAL_RCCEx_SelectLSEMode                           build/stm32f4xx_hal_rcc_ex.o
HAL_RCC_CSSCallback                               build/stm32f4xx_hal_rcc.o
HAL_RCC_ClockConfig                               build/stm32f4xx_hal_rcc.o
                                                  build/main.o
HAL_RCC_DeInit                                    build/stm32f4xx_hal_rcc_ex.o
                                                  build/stm32f4xx_hal_rcc.o
HAL_RCC_DisableCSS                                build/stm32f4xx_hal_rcc.o
HAL_RCC_EnableCSS                                 build/stm32f4xx_hal_rcc.o
HAL_RCC_GetClockConfig                            build/stm32f4xx_hal_rcc.o
HAL_RCC_GetHCLKFreq                               build/stm32f4xx_hal_rcc.o
HAL_RCC_GetOscConfig                              build/stm32f4xx_hal_rcc_ex.o
                                                  build/stm32f4xx_hal_rcc.o
HAL_RCC_GetPCLK1Freq                              build/stm32f4xx_hal_rcc.o
                                                  build/stm32f4xx_hal_uart.o
HAL_RCC_GetPCLK2Freq                              build/stm32f4xx_hal_rcc.o
                                                  build/stm32f4xx_hal_uart.o
HAL_RCC_GetSysClockFreq                           build/stm32f4xx_hal_rcc_ex.o
                                                  build/stm32f4xx_hal_rcc.o
HAL_RCC_MCOConfig                                 build/stm32f4xx_hal_rcc.o
HAL_RCC_NMI_IRQHandler                            build/stm32f4xx_hal_rcc.o
HAL_RCC_OscConfig                                 build/stm32f4xx_hal_rcc_ex.o
                                                  build/stm32f4xx_hal_rcc.o
                                                  build/main.o
HAL_ResumeTick                                    build/stm32f4xx_hal.o
HAL_SPI_Abort                                     build/stm32f4xx_hal_spi.o
HAL_SPI_AbortCpltCallback                         build/stm32f4xx_hal_spi.o
HAL_SPI_Abort_IT                                  build/stm32f4xx_hal_spi.o
HAL_SPI_DMAPause                                  build/stm32f4xx_hal_spi.o
HAL_SPI_DMAResume                                 build/stm32f4xx_hal_spi.o
HAL_SPI_DMAStop                                   build/stm32f4xx_hal_spi.o
HAL_SPI_DeInit                                    build/stm32f4xx_hal_spi.o
HAL_SPI_ErrorCallback                             build/stm32f4xx_hal_spi.o
HAL_SPI_GetError                                  build/stm32f4xx_hal_spi.o
HAL_SPI_GetState                                  build/stm32f4xx_hal_spi.o
HAL_SPI_IRQHandler                                build/stm32f4xx_hal_spi.o
HAL_SPI_Init                                      build/stm32f4xx_hal_spi.o
                                                  build/main.o
HAL_SPI_MspDeInit                                 build/stm32f4xx_hal_msp.o
HAL_SPI_MspInit                                   build/stm32f4xx_hal_msp.o
HAL_SPI_Receive                                   build/stm32f4xx_hal_spi.o
HAL_SPI_Receive_DMA                               build/stm32f4xx_hal_spi.o
HAL_SPI_Receive_IT                                build/stm32f4xx_hal_spi.o
HAL_SPI_RxCpltCallback                            build/stm32f4xx_hal_spi.o
HAL_SPI_RxHalfCpltCallback                        build/stm32f4xx_hal_spi.o
HAL_SPI_Transmit                                  build/stm32f4xx_hal_spi.o
                                                  build/main.o
HAL_SPI_TransmitReceive                           build/stm32f4xx_hal_spi.o
                                                  build/main.o
HAL_SPI_TransmitReceive_DMA                       build/stm32f4xx_hal_spi.o
HAL_SPI_TransmitReceive_IT                        build/stm32f4xx_hal_spi.o
HAL_SPI_Transmit_DMA                              build/stm32f4xx_hal_spi.o
HAL_SPI_Transmit_IT                               build/stm32f4xx_hal_spi.o
HAL_SPI_TxCpltCallback                            build/stm32f4xx_hal_spi.o
HAL_SPI_TxHalfCpltCallback                        build/stm32f4xx_hal_spi.o
HAL_SPI_TxRxCpltCallback                          build/stm32f4xx_hal_spi.o
HAL_SPI_TxRxHalfCpltCallback                      build/stm32f4xx_hal_spi.o
HAL_SYSTICK_CLKSourceConfig                       build/stm32f4xx_hal_cortex.o
HAL_SYSTICK_Callback                              build/stm32f4xx_hal_cortex.o
HAL_SYSTICK_Config                                build/stm32f4xx_hal_cortex.o
                                                  build/stm32f4xx_hal.o
HAL_SYSTICK_IRQHandler                            build/stm32f4xx_hal_cortex.o
HAL_SetTickFreq                                   build/stm32f4xx_hal.o
HAL_SuspendTick                                   build/stm32f4xx_hal.o
HAL_UARTEx_ReceiveToIdle                          build/stm32f4xx_hal_uart.o
HAL_UARTEx_ReceiveToIdle_DMA                      build/stm32f4xx_hal_uart.o
HAL_UARTEx_ReceiveToIdle_IT                       build/stm32f4xx_hal_uart.o
HAL_UARTEx_RxEventCallback                        build/stm32f4xx_hal_uart.o
HAL_UART_Abort                                    build/stm32f4xx_hal_uart.o
HAL_UART_AbortCpltCallback                        build/stm32f4xx_hal_uart.o
HAL_UART_AbortReceive                             build/stm32f4xx_hal_uart.o
HAL_UART_AbortReceiveCpltCallback                 build/stm32f4xx_hal_uart.o
HAL_UART_AbortReceive_IT                          build/stm32f4xx_hal_uart.o
HAL_UART_AbortTransmit                            build/stm32f4xx_hal_uart.o
HAL_UART_AbortTransmitCpltCallback                build/stm32f4xx_hal_uart.o
HAL_UART_AbortTransmit_IT                         build/stm32f4xx_hal_uart.o
HAL_UART_Abort_IT                                 build/stm32f4xx_hal_uart.o
HAL_UART_DMAPause                                 build/stm32f4xx_hal_uart.o
HAL_UART_DMAResume                                build/stm32f4xx_hal_uart.o
HAL_UART_DMAStop                                  build/stm32f4xx_hal_uart.o
HAL_UART_DeInit                                   build/stm32f4xx_hal_uart.o
HAL_UART_ErrorCallback                            build/stm32f4xx_hal_uart.o
HAL_UART_GetError                                 build/stm32f4xx_hal_uart.o
HAL_UART_GetState                                 build/stm32f4xx_hal_uart.o
HAL_UART_IRQHandler                               build/stm32f4xx_hal_uart.o
HAL_UART_Init                                     build/stm32f4xx_hal_uart.o
                                                  build/main.o
HAL_UART_MspDeInit                                build/stm32f4xx_hal_msp.o
HAL_UART_MspInit                                  build/stm32f4xx_hal_msp.o
HAL_UART_Receive                                  build/stm32f4xx_hal_uart.o
HAL_UART_Receive_DMA                              build/stm32f4xx_hal_uart.o
HAL_UART_Receive_IT                               build/stm32f4xx_hal_uart.o
HAL_UART_RxCpltCallback                           build/stm32f4xx_hal_uart.o
HAL_UART_RxHalfCpltCallback                       build/stm32f4xx_hal_uart.o
HAL_UART_Transmit                                 build/stm32f4xx_hal_uart.o
                                                  build/main.o
HAL_UART_Transmit_DMA                             build/stm32f4xx_hal_uart.o
HAL_UART_Transmit_IT                              build/stm32f4xx_hal_uart.o
HAL_UART_TxCpltCallback                           build/stm32f4xx_hal_uart.o
HAL_UART_TxHalfCpltCallback                       build/stm32f4xx_hal_uart.o
HardFault_Handler                                 build/stm32f4xx_it.o
I2C1_ER_IRQHandler                                build/startup_stm32f446xx.o
I2C1_EV_IRQHandler                                build/startup_stm32f446xx.o
I2C2_ER_IRQHandler                                build/startup_stm32f446xx.o
I2C2_EV_IRQHandler                                build/startup_stm32f446xx.o
I2C3_ER_IRQHandler                                build/startup_stm32f446xx.o
I2C3_EV_IRQHandler                                build/startup_stm32f446xx.o
MemManage_Handler                                 build/stm32f4xx_it.o
NMI_Handler                                       build/stm32f4xx_it.o
OTG_FS_IRQHandler                                 build/startup_stm32f446xx.o
OTG_FS_WKUP_IRQHandler                            build/startup_stm32f446xx.o
OTG_HS_EP1_IN_IRQHandler                          build/startup_stm32f446xx.o
OTG_HS_EP1_OUT_IRQHandler                         build/startup_stm32f446xx.o
OTG_HS_IRQHandler                                 build/startup_stm32f446xx.o
OTG_HS_WKUP_IRQHandler                            build/startup_stm32f446xx.o
PVD_IRQHandler                                    build/startup_stm32f446xx.o
PendSV_Handler                                    build/stm32f4xx_it.o
QUADSPI_IRQHandler                                build/startup_stm32f446xx.o
RCC_IRQHandler                                    build/startup_stm32f446xx.o
RTC_Alarm_IRQHandler                              build/startup_stm32f446xx.o
RTC_WKUP_IRQHandler                               build/startup_stm32f446xx.o
Reset_Handler                                     build/startup_stm32f446xx.o
SAI1_IRQHandler                                   build/startup_stm32f446xx.o
SAI2_IRQHandler                                   build/startup_stm32f446xx.o
SDIO_IRQHandler                                   build/startup_stm32f446xx.o
SPDIF_RX_IRQHandler                               build/startup_stm32f446xx.o
SPI1_IRQHandler                                   build/startup_stm32f446xx.o
SPI2_IRQHandler                                   build/startup_stm32f446xx.o
SPI3_IRQHandler                                   build/startup_stm32f446xx.o
SPI4_IRQHandler                                   build/startup_stm32f446xx.o
SVC_Handler                                       build/stm32f4xx_it.o
SysTick_Handler                                   build/stm32f4xx_it.o
SystemClock_Config                                build/main.o
SystemCoreClock                                   build/system_stm32f4xx.o
                                                  build/stm32f4xx_hal_spi.o
                                                  build/stm32f4xx_hal.o
                                                  build/stm32f4xx_hal_dma.o
                                                  build/stm32f4xx_hal_rcc_ex.o
                                                  build/stm32f4xx_hal_rcc.o
SystemCoreClockUpdate                             build/system_stm32f4xx.o
SystemInit                                        build/system_stm32f4xx.o
                                                  build/startup_stm32f446xx.o
TAMP_STAMP_IRQHandler                             build/startup_stm32f446xx.o
TIM1_BRK_TIM9_IRQHandler                          build/startup_stm32f446xx.o
TIM1_CC_IRQHandler                                build/startup_stm32f446xx.o
TIM1_TRG_COM_TIM11_IRQHandler                     build/startup_stm32f446xx.o
TIM1_UP_TIM10_IRQHandler                          build/startup_stm32f446xx.o
TIM2_IRQHandler                                   build/startup_stm32f446xx.o
TIM3_IRQHandler                                   build/startup_stm32f446xx.o
TIM4_IRQHandler                                   build/startup_stm32f446xx.o
TIM5_IRQHandler                                   build/startup_stm32f446xx.o
TIM6_DAC_IRQHandler                               build/startup_stm32f446xx.o
TIM7_IRQHandler                                   build/startup_stm32f446xx.o
TIM8_BRK_TIM12_IRQHandler                         build/startup_stm32f446xx.o
TIM8_CC_IRQHandler                                build/startup_stm32f446xx.o